ASxxxx Linker V03.00 + NoICE + sdld,  page 1.
Hexadecimal  [32-Bits]

Area                       Addr        Size        Decimal Bytes (Attributes)
--------------------       ----        ----        ------- ----- ------------
.  .ABS.               00000000    00000000 =           0. bytes (ABS,CON)

        Value  Global            Value  Global            Value  Global    
        -----  ------            -----  ------            -----  ------    
     00000000  .__.ABS.  |    00000000  l__CABS   |    00000000  l__CODE_0
     00000000  l__DABS   |    00000000  l__FONT_H |    00000000  l__HEADER
     00000000  l__HEADER |    00000000  l__HEAP   |    00000000  l__HRAM  
     00000000  l__LIT    |    00000000  l__SFR    |    00000000  s__CABS  
     00000000  s__DABS   |    00000000  s__FONT_H |    00000000  s__FONT_H
     00000000  s__HEADER |    00000000  s__HEADER |    00000000  s__HEADER
     00000000  s__HEADER |    00000000  s__HEADER |    00000000  s__HEADER
     00000000  s__HEADER |    00000000  s__HEADER |    00000000  s__HEADER
     00000000  s__HEADER |    00000000  s__HEADER |    00000000  s__HEADER
     00000000  s__HEADER |    00000000  s__HEADER |    00000000  s__HEADER
     00000000  s__HEADER |    00000000  s__HEADER |    00000000  s__HEADER
     00000000  s__HEADER |    00000000  s__HEADER |    00000000  s__HEADER
     00000000  s__HRAM   |    00000000  s__HRAM12 |    00000000  s__SFR   
     00000000  s__SFR0   |    00000000  s__SFR1   |    00000000  s__SFR10 
     00000000  s__SFR11  |    00000000  s__SFR12  |    00000000  s__SFR13 
     00000000  s__SFR14  |    00000000  s__SFR15  |    00000000  s__SFR16 
     00000000  s__SFR17  |    00000000  s__SFR18  |    00000000  s__SFR19 
     00000000  s__SFR1a  |    00000000  s__SFR1b  |    00000000  s__SFR1c 
     00000000  s__SFR1d  |    00000000  s__SFR1e  |    00000000  s__SFR1f 
     00000000  s__SFR2   |    00000000  s__SFR20  |    00000000  s__SFR21 
     00000000  s__SFR22  |    00000000  s__SFR23  |    00000000  s__SFR24 
     00000000  s__SFR25  |    00000000  s__SFR26  |    00000000  s__SFR27 
     00000000  s__SFR28  |    00000000  s__SFR29  |    00000000  s__SFR2a 
     00000000  s__SFR2b  |    00000000  s__SFR2c  |    00000000  s__SFR2d 
     00000000  s__SFR2e  |    00000000  s__SFR2f  |    00000000  s__SFR3  
     00000000  s__SFR30  |    00000000  s__SFR31  |    00000000  s__SFR32 
     00000000  s__SFR33  |    00000000  s__SFR34  |    00000000  s__SFR35 
     00000000  s__SFR36  |    00000000  s__SFR4   |    00000000  s__SFR5  
     00000000  s__SFR6   |    00000000  s__SFR7   |    00000000  s__SFR8  
     00000000  s__SFR9   |    00000000  s__SFRa   |    00000000  s__SFRb  
     00000000  s__SFRc   |    00000000  s__SFRd   |    00000000  s__SFRe  
     00000000  s__SFRf   |    00000001  l__GSFINA |    00000001  l__HEADER
     00000001  l__HEADER |    00000001  l__HEADER |    00000001  l__HEADER
     00000001  l__HEADER |    00000001  l__HEADER |    00000001  l__HEADER
     00000001  l__SFR0   |    00000001  l__SFR1   |    00000001  l__SFR10 
     00000001  l__SFR11  |    00000001  l__SFR12  |    00000001  l__SFR13 
     00000001  l__SFR14  |    00000001  l__SFR15  |    00000001  l__SFR16 
     00000001  l__SFR17  |    00000001  l__SFR18  |    00000001  l__SFR19 
     00000001  l__SFR1a  |    00000001  l__SFR1b  |    00000001  l__SFR1c 
     00000001  l__SFR1d  |    00000001  l__SFR1e  |    00000001  l__SFR1f 
     00000001  l__SFR2   |    00000001  l__SFR20  |    00000001  l__SFR21 
     00000001  l__SFR22  |    00000001  l__SFR23  |    00000001  l__SFR24 
     00000001  l__SFR25  |    00000001  l__SFR26  |    00000001  l__SFR27 
     00000001  l__SFR28  |    00000001  l__SFR29  |    00000001  l__SFR2a 
     00000001  l__SFR2b  |    00000001  l__SFR2c  |    00000001  l__SFR2d 
     00000001  l__SFR2e  |    00000001  l__SFR2f  |    00000001  l__SFR3  
     00000001  l__SFR30  |    00000001  l__SFR31  |    00000001  l__SFR32 
     00000001  l__SFR33  |    00000001  l__SFR34  |    00000001  l__SFR35 
     00000001  l__SFR36  |    00000001  l__SFR4   |    00000001  l__SFR5  
     00000001  l__SFR6   |    00000001  l__SFR7   |    00000001  l__SFR8  
ASxxxx Linker V03.00 + NoICE + sdld,  page 2.
Hexadecimal  [32-Bits]

Area                       Addr        Size        Decimal Bytes (Attributes)
--------------------       ----        ----        ------- ----- ------------
.  .ABS.               00000000    00000000 =           0. bytes (ABS,CON)

        Value  Global            Value  Global            Value  Global    
        -----  ------            -----  ------            -----  ------    
     00000001  l__SFR9   |    00000001  l__SFRa   |    00000001  l__SFRb  
     00000001  l__SFRc   |    00000001  l__SFRd   |    00000001  l__SFRe  
     00000001  l__SFRf   |    00000002  l__HEADER |    00000002  l__HEADER
     00000002  l__HEADER |    00000003  l__FONT_H |    00000003  l__HEADER
     00000003  l__HEADER |    00000003  l__HRAM12 |    00000005  l__HEADER
     00000006  l__HEADER |    00000007  l__HEADER |    00000008  l__HEADER
     0000002C  l__HEADER |    00000030  l__HEADER |    0000003A  l__GSINIT
     00000045  l__BSS    |    0000006A  l__HOME   |    00000083  l__HEADER
     00000096  l__DATA   |    000001E7  l__INITIA |    000001E7  l__INITIA
     00000200  s__CODE   |    000009B9  l__BASE   |    00003C6D  l__CODE  
     00003E6D  s__HOME   |    00003ED7  s__BASE   |    00004890  s__CODE_0
     00004890  s__INITIA |    00004890  s__LIT    |    00004A77  s__GSINIT
     00004AB1  s__GSFINA |    0000C000  _shadow_O |    0000C0A0  s__DATA  
     0000C136  s__BSS    |    0000C17B  s__INITIA |    0000C362  s__HEAP  
     0000E000  .STACK    |    0000FF80  .refresh_
ASxxxx Linker V03.00 + NoICE + sdld,  page 3.
Hexadecimal  [32-Bits]

Area                       Addr        Size        Decimal Bytes (Attributes)
--------------------       ----        ----        ------- ----- ------------
_CODE                  00000200    00003C6D =       15469. bytes (REL,CON)

        Value  Global            Value  Global            Value  Global    
        -----  ------            -----  ------            -----  ------    
     00000200  _knight_s |    00000241  _knight_s |    00000651  _main    
     00000813  _titlescr |    00001103  _titlescr |    0000126B  _interrup
     00001272  _turnOnSo |    0000127F  _turnOffS |    00001283  _init    
     000012B2  _performD |    000012C7  _joyHandl |    00001320  _fadeOut 
     00001369  _resetBac |    0000137C  _hitSound |    00001390  _coinSoun
     000013A5  _randomiz |    000013C5  _gameOver |    0000144B  _checkCol
     000015E3  _spritePa |    00001613  _backgrou |    00001633  _spritesi
     00001634  _checkPla |    00001806  _checkObs |    0000188D  _moveChar
     00001910  _setupPla |    00001963  _animatio |    00001C60  _setupCoi
     00001D1E  _position |    00001DFD  _setupArr |    00001E67  _position
     00001EF2  _setupObs |    0000208C  _position |    00002176  _setupBom
     000021FE  _position |    00002290  _setupBac |    000022C5  _setupCha
     000022D4  _updateCo |    00002324  _updateHe |    0000236A  _updateSc
     0000239A  _Knight_t |    000023A7  _Knight_t |    00002477  _ForestBG
     000026F7  _ForestBG |    00002977  _song0    |    00002AAA  _song1   
     00002BD4  _song2    |    00002D02  _song3    |    00002E2C  _song4   
     00002F58  _song5    |    0000306C  _song6    |    00003193  _song7   
     000032B7  _song8    |    000033E0  _song_Dat |    000033F8  gbt_get_p
     00003415  _gbt_play |    000034D0  _gbt_paus |    000034E1  _gbt_loop
     000034E8  _gbt_stop |    000034F3  _gbt_enab |    000034FA  _gbt_upda
     0000372B  gbt_chann |    00003881  gbt_chann |    000039D3  gbt_chann
     00003B44  gbt_chann |    00003C44  gbt_updat |    00003C60  gbt_updat
     00003C7D  _putchar  |    00003C86  _setchar  |    00003C8F  _gotoxy  
     00003C9A  _posx     |    00003CAB  _posy     |    00003CBC  _rand    
     00003CBC  _randw    |    00003CE7  __divsuch |    00003CF4  __modsuch
     00003CFE  __divusch |    00003D10  __modusch |    00003D20  __divscha
     00003D2C  __modscha |    00003D36  __divsint |    00003D47  __modsint
     00003D56  __divucha |    00003D62  __moducha |    00003D6C  __divuint
     00003D7D  __moduint |    00003D8C  .div8     |    00003D8C  .mod8    
     00003D94  .div16    |    00003D94  .mod16    |    00003DCA  .divu8   
     00003DCA  .modu8    |    00003DCD  .divu16   |    00003DCD  .modu16  
     00003E0E  _set_spri |    00003E13  _set_bkg_ |    00003E16  .set_pale
     00003E32  _cpu_slow |    00003E4D  _cpu_fast |    00003E54  _cgb_comp
ASxxxx Linker V03.00 + NoICE + sdld,  page 4.
Hexadecimal  [32-Bits]

Area                       Addr        Size        Decimal Bytes (Attributes)
--------------------       ----        ----        ------- ----- ------------
_HEADER0               00000000    00000001 =           1. bytes (ABS,CON)

        Value  Global            Value  Global            Value  Global    
        -----  ------            -----  ------            -----  ------    
     00000020  .call_hl 
ASxxxx Linker V03.00 + NoICE + sdld,  page 5.
Hexadecimal  [32-Bits]

Area                       Addr        Size        Decimal Bytes (Attributes)
--------------------       ----        ----        ------- ----- ------------
_HEADER1               00000000    00000005 =           5. bytes (ABS,CON)

        Value  Global            Value  Global            Value  Global    
        -----  ------            -----  ------            -----  ------    
     00000028  .MemsetSm
ASxxxx Linker V03.00 + NoICE + sdld,  page 6.
Hexadecimal  [32-Bits]

Area                       Addr        Size        Decimal Bytes (Attributes)
--------------------       ----        ----        ------- ----- ------------
_HEADER2               00000000    00000007 =           7. bytes (ABS,CON)

        Value  Global            Value  Global            Value  Global    
        -----  ------            -----  ------            -----  ------    
     00000030  .MemcpySm
ASxxxx Linker V03.00 + NoICE + sdld,  page 7.
Hexadecimal  [32-Bits]

Area                       Addr        Size        Decimal Bytes (Attributes)
--------------------       ----        ----        ------- ----- ------------
_HEADER3               00000000    00000008 =           8. bytes (ABS,CON)

        Value  Global            Value  Global            Value  Global    
        -----  ------            -----  ------            -----  ------    
ASxxxx Linker V03.00 + NoICE + sdld,  page 8.
Hexadecimal  [32-Bits]

Area                       Addr        Size        Decimal Bytes (Attributes)
--------------------       ----        ----        ------- ----- ------------
_HEADER4               00000000    0000002C =          44. bytes (ABS,CON)

        Value  Global            Value  Global            Value  Global    
        -----  ------            -----  ------            -----  ------    
     00000080  .int      |    0000008F  _wait_int |    0000009C  __standar
ASxxxx Linker V03.00 + NoICE + sdld,  page 9.
Hexadecimal  [32-Bits]

Area                       Addr        Size        Decimal Bytes (Attributes)
--------------------       ----        ----        ------- ----- ------------
_HEADER5               00000000    00000002 =           2. bytes (ABS,CON)

        Value  Global            Value  Global            Value  Global    
        -----  ------            -----  ------            -----  ------    
ASxxxx Linker V03.00 + NoICE + sdld,  page 10.
Hexadecimal  [32-Bits]

Area                       Addr        Size        Decimal Bytes (Attributes)
--------------------       ----        ----        ------- ----- ------------
_HEADER6               00000000    00000030 =          48. bytes (ABS,CON)

        Value  Global            Value  Global            Value  Global    
        -----  ------            -----  ------            -----  ------    
ASxxxx Linker V03.00 + NoICE + sdld,  page 11.
Hexadecimal  [32-Bits]

Area                       Addr        Size        Decimal Bytes (Attributes)
--------------------       ----        ----        ------- ----- ------------
_HEADER7               00000000    00000006 =           6. bytes (ABS,CON)

        Value  Global            Value  Global            Value  Global    
        -----  ------            -----  ------            -----  ------    
ASxxxx Linker V03.00 + NoICE + sdld,  page 12.
Hexadecimal  [32-Bits]

Area                       Addr        Size        Decimal Bytes (Attributes)
--------------------       ----        ----        ------- ----- ------------
_HEADER8               00000000    00000003 =           3. bytes (ABS,CON)

        Value  Global            Value  Global            Value  Global    
        -----  ------            -----  ------            -----  ------    
ASxxxx Linker V03.00 + NoICE + sdld,  page 13.
Hexadecimal  [32-Bits]

Area                       Addr        Size        Decimal Bytes (Attributes)
--------------------       ----        ----        ------- ----- ------------
_HEADER9               00000000    00000001 =           1. bytes (ABS,CON)

        Value  Global            Value  Global            Value  Global    
        -----  ------            -----  ------            -----  ------    
ASxxxx Linker V03.00 + NoICE + sdld,  page 14.
Hexadecimal  [32-Bits]

Area                       Addr        Size        Decimal Bytes (Attributes)
--------------------       ----        ----        ------- ----- ------------
_HEADERa               00000000    00000001 =           1. bytes (ABS,CON)

        Value  Global            Value  Global            Value  Global    
        -----  ------            -----  ------            -----  ------    
ASxxxx Linker V03.00 + NoICE + sdld,  page 15.
Hexadecimal  [32-Bits]

Area                       Addr        Size        Decimal Bytes (Attributes)
--------------------       ----        ----        ------- ----- ------------
_HEADERb               00000000    00000001 =           1. bytes (ABS,CON)

        Value  Global            Value  Global            Value  Global    
        -----  ------            -----  ------            -----  ------    
ASxxxx Linker V03.00 + NoICE + sdld,  page 16.
Hexadecimal  [32-Bits]

Area                       Addr        Size        Decimal Bytes (Attributes)
--------------------       ----        ----        ------- ----- ------------
_HEADERc               00000000    00000002 =           2. bytes (ABS,CON)

        Value  Global            Value  Global            Value  Global    
        -----  ------            -----  ------            -----  ------    
ASxxxx Linker V03.00 + NoICE + sdld,  page 17.
Hexadecimal  [32-Bits]

Area                       Addr        Size        Decimal Bytes (Attributes)
--------------------       ----        ----        ------- ----- ------------
_HEADERd               00000000    00000001 =           1. bytes (ABS,CON)

        Value  Global            Value  Global            Value  Global    
        -----  ------            -----  ------            -----  ------    
ASxxxx Linker V03.00 + NoICE + sdld,  page 18.
Hexadecimal  [32-Bits]

Area                       Addr        Size        Decimal Bytes (Attributes)
--------------------       ----        ----        ------- ----- ------------
_HEADERe               00000000    00000001 =           1. bytes (ABS,CON)

        Value  Global            Value  Global            Value  Global    
        -----  ------            -----  ------            -----  ------    
ASxxxx Linker V03.00 + NoICE + sdld,  page 19.
Hexadecimal  [32-Bits]

Area                       Addr        Size        Decimal Bytes (Attributes)
--------------------       ----        ----        ------- ----- ------------
_HEADERf               00000000    00000002 =           2. bytes (ABS,CON)

        Value  Global            Value  Global            Value  Global    
        -----  ------            -----  ------            -----  ------    
ASxxxx Linker V03.00 + NoICE + sdld,  page 20.
Hexadecimal  [32-Bits]

Area                       Addr        Size        Decimal Bytes (Attributes)
--------------------       ----        ----        ------- ----- ------------
_HEADER10              00000000    00000083 =         131. bytes (ABS,CON)

        Value  Global            Value  Global            Value  Global    
        -----  ------            -----  ------            -----  ------    
     00000150  .reset    |    00000150  _reset    |    00000153  .code_sta
     000001B4  _exit     |    000001B8  _enable_i |    000001BA  _disable_
     000001BC  _set_inte
ASxxxx Linker V03.00 + NoICE + sdld,  page 21.
Hexadecimal  [32-Bits]

Area                       Addr        Size        Decimal Bytes (Attributes)
--------------------       ----        ----        ------- ----- ------------
_HEADER11              00000000    00000001 =           1. bytes (ABS,CON)

        Value  Global            Value  Global            Value  Global    
        -----  ------            -----  ------            -----  ------    
ASxxxx Linker V03.00 + NoICE + sdld,  page 22.
Hexadecimal  [32-Bits]

Area                       Addr        Size        Decimal Bytes (Attributes)
--------------------       ----        ----        ------- ----- ------------
_HOME                  00003E6D    0000006A =         106. bytes (REL,CON)

        Value  Global            Value  Global            Value  Global    
        -----  ------            -----  ------            -----  ------    
     00003E6D  .remove_V |    00003E70  .remove_i |    00003E8D  .add_VBL 
     00003E90  .add_int  |    00003E9B  .wait_vbl |    00003E9B  _wait_vbl
     00003EAA  .display_ |    00003EAA  _display_ |    00003EC1  _remove_V
     00003ECC  _add_VBL 
ASxxxx Linker V03.00 + NoICE + sdld,  page 23.
Hexadecimal  [32-Bits]

Area                       Addr        Size        Decimal Bytes (Attributes)
--------------------       ----        ----        ------- ----- ------------
_BASE                  00003ED7    000009B9 =        2489. bytes (REL,CON)

        Value  Global            Value  Global            Value  Global    
        -----  ------            -----  ------            -----  ------    
     00003ED7  _font_loa |    00003EDE  font_copy |    00003F14  font_copy
     00003F63  font_load |    00003FAB  font_copy |    00003FF3  font_set 
     00004000  .put_char |    00004018  .out_char |    0000401E  .del_char
     00004074  _font_loa |    00004082  _font_set |    00004091  _font_ini
     000040B1  .cls      |    000040B1  _cls      |    000040E3  .cr_curs 
     000040F8  .adv_curs |    00004154  .tmode    |    0000417D  .tmode_ou
     0000418D  _initrand |    0000418F  .initrand |    00004198  .padup   
     00004198  _waitpadu |    000041A8  .jpad     |    000041A8  _joypad  
     000041D0  _waitpad  |    000041D3  .wait_pad |    000041DA  _set_spri
     000041DF  _set_bkg_ |    000041E2  .set_pale |    00004201  _set_win_
     00004215  _set_tile |    0000421A  _set_bkg_ |    0000421A  _set_win_
     00004222  _set_spri |    00004252  _color    |    00004261  .drawing_
     0000426C  .drawing_ |    000042A8  _add_LCD  |    000042B3  .add_LCD 
     000042B9  _remove_L |    000042C4  .remove_L |    000042CA  _font_ibm
     0000467C  _font_min |    00004826  _set_bkg_ |    0000483A  .set_xy_w
     00004843  .set_xy_b |    00004852  .set_xy_t
ASxxxx Linker V03.00 + NoICE + sdld,  page 24.
Hexadecimal  [32-Bits]

Area                       Addr        Size        Decimal Bytes (Attributes)
--------------------       ----        ----        ------- ----- ------------
_INITIALIZER           00004890    000001E7 =         487. bytes (REL,CON)

        Value  Global            Value  Global            Value  Global    
        -----  ------            -----  ------            -----  ------    
ASxxxx Linker V03.00 + NoICE + sdld,  page 25.
Hexadecimal  [32-Bits]

Area                       Addr        Size        Decimal Bytes (Attributes)
--------------------       ----        ----        ------- ----- ------------
_GSINIT                00004A77    0000003A =          58. bytes (REL,CON)

        Value  Global            Value  Global            Value  Global    
        -----  ------            -----  ------            -----  ------    
     00004A77  gsinit   
ASxxxx Linker V03.00 + NoICE + sdld,  page 26.
Hexadecimal  [32-Bits]

Area                       Addr        Size        Decimal Bytes (Attributes)
--------------------       ----        ----        ------- ----- ------------
_GSFINAL               00004AB1    00000001 =           1. bytes (REL,CON)

        Value  Global            Value  Global            Value  Global    
        -----  ------            -----  ------            -----  ------    
ASxxxx Linker V03.00 + NoICE + sdld,  page 27.
Hexadecimal  [32-Bits]

Area                       Addr        Size        Decimal Bytes (Attributes)
--------------------       ----        ----        ------- ----- ------------
_DATA                  0000C0A0    00000096 =         150. bytes (REL,CON)

        Value  Global            Value  Global            Value  Global    
        -----  ------            -----  ------            -----  ------    
     0000C0A0  _seed     |    0000C0A2  _i        |    0000C0A3  _frame   
     0000C0A4  _spriteID |    0000C0A5  _player   |    0000C0AE  _coins   
     0000C0D2  _arrow    |    0000C0DB  _obstacle |    0000C0ED  _bombs   
     0000C0F6  gbt_playi |    0000C0F7  gbt_song  |    0000C0F9  gbt_bank 
     0000C0FA  gbt_speed |    0000C0FB  gbt_temp_ |    0000C107  gbt_loop_
     0000C108  gbt_ticks |    0000C109  gbt_curre |    0000C10A  gbt_curre
     0000C10B  gbt_curre |    0000C10D  gbt_chann |    0000C10E  gbt_pan  
     0000C112  gbt_vol   |    0000C116  gbt_instr |    0000C11A  gbt_freq 
     0000C120  gbt_chann |    0000C121  gbt_arpeg |    0000C12A  gbt_arpeg
     0000C12D  gbt_arpeg |    0000C130  gbt_cut_n |    0000C134  gbt_have_
     0000C135  gbt_updat
ASxxxx Linker V03.00 + NoICE + sdld,  page 28.
Hexadecimal  [32-Bits]

Area                       Addr        Size        Decimal Bytes (Attributes)
--------------------       ----        ----        ------- ----- ------------
_BSS                   0000C136    00000045 =          69. bytes (REL,CON)

        Value  Global            Value  Global            Value  Global    
        -----  ------            -----  ------            -----  ------    
     0000C136  __cpu     |    0000C137  .mode     |    0000C138  .sys_time
     0000C138  _sys_time |    0000C13A  .int_0x40 |    0000C14E  font_curr
     0000C151  font_firs |    0000C152  font_tabl |    0000C164  .curx    
     0000C165  .cury     |    0000C166  .randhi   |    0000C167  .randlo  
     0000C168  .fg_colou |    0000C169  .bg_colou |    0000C16A  .draw_mod
     0000C16B  .int_0x48
ASxxxx Linker V03.00 + NoICE + sdld,  page 29.
Hexadecimal  [32-Bits]

Area                       Addr        Size        Decimal Bytes (Attributes)
--------------------       ----        ----        ------- ----- ------------
_INITIALIZED           0000C17B    000001E7 =         487. bytes (REL,CON)

        Value  Global            Value  Global            Value  Global    
        -----  ------            -----  ------            -----  ------    
     0000C17B  _game_on  |    0000C17C  _paused   |    0000C17D  _timer   
     0000C17E  _shield   |    0000C17F  _hit      |    0000C180  _explosio
     0000C181  _swap     |    0000C182  _windowma |    0000C196  _windowpa
     0000C1AA  _gameOver |    0000C286  _gameOver
ASxxxx Linker V03.00 + NoICE + sdld,  page 30.
Hexadecimal  [32-Bits]

Area                       Addr        Size        Decimal Bytes (Attributes)
--------------------       ----        ----        ------- ----- ------------
_HRAM12                00000000    00000003 =           3. bytes (ABS,CON)

        Value  Global            Value  Global            Value  Global    
        -----  ------            -----  ------            -----  ------    
     0000FF90  __current |    0000FF92  __shadow_
ASxxxx Linker V03.00 + NoICE + sdld,  page 31.
Hexadecimal  [32-Bits]

Area                       Addr        Size        Decimal Bytes (Attributes)
--------------------       ----        ----        ------- ----- ------------
_FONT_HEADER0          00000000    00000003 =           3. bytes (ABS,CON)

        Value  Global            Value  Global            Value  Global    
        -----  ------            -----  ------            -----  ------    
ASxxxx Linker V03.00 + NoICE + sdld,  page 32.
Hexadecimal  [32-Bits]

Area                       Addr        Size        Decimal Bytes (Attributes)
--------------------       ----        ----        ------- ----- ------------
_SFR0                  00000000    00000001 =           1. bytes (ABS,CON)

        Value  Global            Value  Global            Value  Global    
        -----  ------            -----  ------            -----  ------    
     0000FF00  _P1_REG  
ASxxxx Linker V03.00 + NoICE + sdld,  page 33.
Hexadecimal  [32-Bits]

Area                       Addr        Size        Decimal Bytes (Attributes)
--------------------       ----        ----        ------- ----- ------------
_SFR1                  00000000    00000001 =           1. bytes (ABS,CON)

        Value  Global            Value  Global            Value  Global    
        -----  ------            -----  ------            -----  ------    
     0000FF01  _SB_REG  
ASxxxx Linker V03.00 + NoICE + sdld,  page 34.
Hexadecimal  [32-Bits]

Area                       Addr        Size        Decimal Bytes (Attributes)
--------------------       ----        ----        ------- ----- ------------
_SFR2                  00000000    00000001 =           1. bytes (ABS,CON)

        Value  Global            Value  Global            Value  Global    
        -----  ------            -----  ------            -----  ------    
     0000FF02  _SC_REG  
ASxxxx Linker V03.00 + NoICE + sdld,  page 35.
Hexadecimal  [32-Bits]

Area                       Addr        Size        Decimal Bytes (Attributes)
--------------------       ----        ----        ------- ----- ------------
_SFR3                  00000000    00000001 =           1. bytes (ABS,CON)

        Value  Global            Value  Global            Value  Global    
        -----  ------            -----  ------            -----  ------    
     0000FF04  _DIV_REG 
ASxxxx Linker V03.00 + NoICE + sdld,  page 36.
Hexadecimal  [32-Bits]

Area                       Addr        Size        Decimal Bytes (Attributes)
--------------------       ----        ----        ------- ----- ------------
_SFR4                  00000000    00000001 =           1. bytes (ABS,CON)

        Value  Global            Value  Global            Value  Global    
        -----  ------            -----  ------            -----  ------    
     0000FF05  _TIMA_REG
ASxxxx Linker V03.00 + NoICE + sdld,  page 37.
Hexadecimal  [32-Bits]

Area                       Addr        Size        Decimal Bytes (Attributes)
--------------------       ----        ----        ------- ----- ------------
_SFR5                  00000000    00000001 =           1. bytes (ABS,CON)

        Value  Global            Value  Global            Value  Global    
        -----  ------            -----  ------            -----  ------    
     0000FF06  _TMA_REG 
ASxxxx Linker V03.00 + NoICE + sdld,  page 38.
Hexadecimal  [32-Bits]

Area                       Addr        Size        Decimal Bytes (Attributes)
--------------------       ----        ----        ------- ----- ------------
_SFR6                  00000000    00000001 =           1. bytes (ABS,CON)

        Value  Global            Value  Global            Value  Global    
        -----  ------            -----  ------            -----  ------    
     0000FF07  _TAC_REG 
ASxxxx Linker V03.00 + NoICE + sdld,  page 39.
Hexadecimal  [32-Bits]

Area                       Addr        Size        Decimal Bytes (Attributes)
--------------------       ----        ----        ------- ----- ------------
_SFR7                  00000000    00000001 =           1. bytes (ABS,CON)

        Value  Global            Value  Global            Value  Global    
        -----  ------            -----  ------            -----  ------    
     0000FF0F  _IF_REG  
ASxxxx Linker V03.00 + NoICE + sdld,  page 40.
Hexadecimal  [32-Bits]

Area                       Addr        Size        Decimal Bytes (Attributes)
--------------------       ----        ----        ------- ----- ------------
_SFR8                  00000000    00000001 =           1. bytes (ABS,CON)

        Value  Global            Value  Global            Value  Global    
        -----  ------            -----  ------            -----  ------    
     0000FF10  _NR10_REG
ASxxxx Linker V03.00 + NoICE + sdld,  page 41.
Hexadecimal  [32-Bits]

Area                       Addr        Size        Decimal Bytes (Attributes)
--------------------       ----        ----        ------- ----- ------------
_SFR9                  00000000    00000001 =           1. bytes (ABS,CON)

        Value  Global            Value  Global            Value  Global    
        -----  ------            -----  ------            -----  ------    
     0000FF11  _NR11_REG
ASxxxx Linker V03.00 + NoICE + sdld,  page 42.
Hexadecimal  [32-Bits]

Area                       Addr        Size        Decimal Bytes (Attributes)
--------------------       ----        ----        ------- ----- ------------
_SFRa                  00000000    00000001 =           1. bytes (ABS,CON)

        Value  Global            Value  Global            Value  Global    
        -----  ------            -----  ------            -----  ------    
     0000FF12  _NR12_REG
ASxxxx Linker V03.00 + NoICE + sdld,  page 43.
Hexadecimal  [32-Bits]

Area                       Addr        Size        Decimal Bytes (Attributes)
--------------------       ----        ----        ------- ----- ------------
_SFRb                  00000000    00000001 =           1. bytes (ABS,CON)

        Value  Global            Value  Global            Value  Global    
        -----  ------            -----  ------            -----  ------    
     0000FF13  _NR13_REG
ASxxxx Linker V03.00 + NoICE + sdld,  page 44.
Hexadecimal  [32-Bits]

Area                       Addr        Size        Decimal Bytes (Attributes)
--------------------       ----        ----        ------- ----- ------------
_SFRc                  00000000    00000001 =           1. bytes (ABS,CON)

        Value  Global            Value  Global            Value  Global    
        -----  ------            -----  ------            -----  ------    
     0000FF14  _NR14_REG
ASxxxx Linker V03.00 + NoICE + sdld,  page 45.
Hexadecimal  [32-Bits]

Area                       Addr        Size        Decimal Bytes (Attributes)
--------------------       ----        ----        ------- ----- ------------
_SFRd                  00000000    00000001 =           1. bytes (ABS,CON)

        Value  Global            Value  Global            Value  Global    
        -----  ------            -----  ------            -----  ------    
     0000FF16  _NR21_REG
ASxxxx Linker V03.00 + NoICE + sdld,  page 46.
Hexadecimal  [32-Bits]

Area                       Addr        Size        Decimal Bytes (Attributes)
--------------------       ----        ----        ------- ----- ------------
_SFRe                  00000000    00000001 =           1. bytes (ABS,CON)

        Value  Global            Value  Global            Value  Global    
        -----  ------            -----  ------            -----  ------    
     0000FF17  _NR22_REG
ASxxxx Linker V03.00 + NoICE + sdld,  page 47.
Hexadecimal  [32-Bits]

Area                       Addr        Size        Decimal Bytes (Attributes)
--------------------       ----        ----        ------- ----- ------------
_SFRf                  00000000    00000001 =           1. bytes (ABS,CON)

        Value  Global            Value  Global            Value  Global    
        -----  ------            -----  ------            -----  ------    
     0000FF18  _NR23_REG
ASxxxx Linker V03.00 + NoICE + sdld,  page 48.
Hexadecimal  [32-Bits]

Area                       Addr        Size        Decimal Bytes (Attributes)
--------------------       ----        ----        ------- ----- ------------
_SFR10                 00000000    00000001 =           1. bytes (ABS,CON)

        Value  Global            Value  Global            Value  Global    
        -----  ------            -----  ------            -----  ------    
     0000FF19  _NR24_REG
ASxxxx Linker V03.00 + NoICE + sdld,  page 49.
Hexadecimal  [32-Bits]

Area                       Addr        Size        Decimal Bytes (Attributes)
--------------------       ----        ----        ------- ----- ------------
_SFR11                 00000000    00000001 =           1. bytes (ABS,CON)

        Value  Global            Value  Global            Value  Global    
        -----  ------            -----  ------            -----  ------    
     0000FF1A  _NR30_REG
ASxxxx Linker V03.00 + NoICE + sdld,  page 50.
Hexadecimal  [32-Bits]

Area                       Addr        Size        Decimal Bytes (Attributes)
--------------------       ----        ----        ------- ----- ------------
_SFR12                 00000000    00000001 =           1. bytes (ABS,CON)

        Value  Global            Value  Global            Value  Global    
        -----  ------            -----  ------            -----  ------    
     0000FF1B  _NR31_REG
ASxxxx Linker V03.00 + NoICE + sdld,  page 51.
Hexadecimal  [32-Bits]

Area                       Addr        Size        Decimal Bytes (Attributes)
--------------------       ----        ----        ------- ----- ------------
_SFR13                 00000000    00000001 =           1. bytes (ABS,CON)

        Value  Global            Value  Global            Value  Global    
        -----  ------            -----  ------            -----  ------    
     0000FF1C  _NR32_REG
ASxxxx Linker V03.00 + NoICE + sdld,  page 52.
Hexadecimal  [32-Bits]

Area                       Addr        Size        Decimal Bytes (Attributes)
--------------------       ----        ----        ------- ----- ------------
_SFR14                 00000000    00000001 =           1. bytes (ABS,CON)

        Value  Global            Value  Global            Value  Global    
        -----  ------            -----  ------            -----  ------    
     0000FF1D  _NR33_REG
ASxxxx Linker V03.00 + NoICE + sdld,  page 53.
Hexadecimal  [32-Bits]

Area                       Addr        Size        Decimal Bytes (Attributes)
--------------------       ----        ----        ------- ----- ------------
_SFR15                 00000000    00000001 =           1. bytes (ABS,CON)

        Value  Global            Value  Global            Value  Global    
        -----  ------            -----  ------            -----  ------    
     0000FF1E  _NR34_REG
ASxxxx Linker V03.00 + NoICE + sdld,  page 54.
Hexadecimal  [32-Bits]

Area                       Addr        Size        Decimal Bytes (Attributes)
--------------------       ----        ----        ------- ----- ------------
_SFR16                 00000000    00000001 =           1. bytes (ABS,CON)

        Value  Global            Value  Global            Value  Global    
        -----  ------            -----  ------            -----  ------    
     0000FF20  _NR41_REG
ASxxxx Linker V03.00 + NoICE + sdld,  page 55.
Hexadecimal  [32-Bits]

Area                       Addr        Size        Decimal Bytes (Attributes)
--------------------       ----        ----        ------- ----- ------------
_SFR17                 00000000    00000001 =           1. bytes (ABS,CON)

        Value  Global            Value  Global            Value  Global    
        -----  ------            -----  ------            -----  ------    
     0000FF21  _NR42_REG
ASxxxx Linker V03.00 + NoICE + sdld,  page 56.
Hexadecimal  [32-Bits]

Area                       Addr        Size        Decimal Bytes (Attributes)
--------------------       ----        ----        ------- ----- ------------
_SFR18                 00000000    00000001 =           1. bytes (ABS,CON)

        Value  Global            Value  Global            Value  Global    
        -----  ------            -----  ------            -----  ------    
     0000FF22  _NR43_REG
ASxxxx Linker V03.00 + NoICE + sdld,  page 57.
Hexadecimal  [32-Bits]

Area                       Addr        Size        Decimal Bytes (Attributes)
--------------------       ----        ----        ------- ----- ------------
_SFR19                 00000000    00000001 =           1. bytes (ABS,CON)

        Value  Global            Value  Global            Value  Global    
        -----  ------            -----  ------            -----  ------    
     0000FF23  _NR44_REG
ASxxxx Linker V03.00 + NoICE + sdld,  page 58.
Hexadecimal  [32-Bits]

Area                       Addr        Size        Decimal Bytes (Attributes)
--------------------       ----        ----        ------- ----- ------------
_SFR1a                 00000000    00000001 =           1. bytes (ABS,CON)

        Value  Global            Value  Global            Value  Global    
        -----  ------            -----  ------            -----  ------    
     0000FF24  _NR50_REG
ASxxxx Linker V03.00 + NoICE + sdld,  page 59.
Hexadecimal  [32-Bits]

Area                       Addr        Size        Decimal Bytes (Attributes)
--------------------       ----        ----        ------- ----- ------------
_SFR1b                 00000000    00000001 =           1. bytes (ABS,CON)

        Value  Global            Value  Global            Value  Global    
        -----  ------            -----  ------            -----  ------    
     0000FF25  _NR51_REG
ASxxxx Linker V03.00 + NoICE + sdld,  page 60.
Hexadecimal  [32-Bits]

Area                       Addr        Size        Decimal Bytes (Attributes)
--------------------       ----        ----        ------- ----- ------------
_SFR1c                 00000000    00000001 =           1. bytes (ABS,CON)

        Value  Global            Value  Global            Value  Global    
        -----  ------            -----  ------            -----  ------    
     0000FF26  _NR52_REG
ASxxxx Linker V03.00 + NoICE + sdld,  page 61.
Hexadecimal  [32-Bits]

Area                       Addr        Size        Decimal Bytes (Attributes)
--------------------       ----        ----        ------- ----- ------------
_SFR1d                 00000000    00000001 =           1. bytes (ABS,CON)

        Value  Global            Value  Global            Value  Global    
        -----  ------            -----  ------            -----  ------    
     0000FF40  _LCDC_REG
ASxxxx Linker V03.00 + NoICE + sdld,  page 62.
Hexadecimal  [32-Bits]

Area                       Addr        Size        Decimal Bytes (Attributes)
--------------------       ----        ----        ------- ----- ------------
_SFR1e                 00000000    00000001 =           1. bytes (ABS,CON)

        Value  Global            Value  Global            Value  Global    
        -----  ------            -----  ------            -----  ------    
     0000FF41  _STAT_REG
ASxxxx Linker V03.00 + NoICE + sdld,  page 63.
Hexadecimal  [32-Bits]

Area                       Addr        Size        Decimal Bytes (Attributes)
--------------------       ----        ----        ------- ----- ------------
_SFR1f                 00000000    00000001 =           1. bytes (ABS,CON)

        Value  Global            Value  Global            Value  Global    
        -----  ------            -----  ------            -----  ------    
     0000FF42  _SCY_REG 
ASxxxx Linker V03.00 + NoICE + sdld,  page 64.
Hexadecimal  [32-Bits]

Area                       Addr        Size        Decimal Bytes (Attributes)
--------------------       ----        ----        ------- ----- ------------
_SFR20                 00000000    00000001 =           1. bytes (ABS,CON)

        Value  Global            Value  Global            Value  Global    
        -----  ------            -----  ------            -----  ------    
     0000FF43  _SCX_REG 
ASxxxx Linker V03.00 + NoICE + sdld,  page 65.
Hexadecimal  [32-Bits]

Area                       Addr        Size        Decimal Bytes (Attributes)
--------------------       ----        ----        ------- ----- ------------
_SFR21                 00000000    00000001 =           1. bytes (ABS,CON)

        Value  Global            Value  Global            Value  Global    
        -----  ------            -----  ------            -----  ------    
     0000FF44  _LY_REG  
ASxxxx Linker V03.00 + NoICE + sdld,  page 66.
Hexadecimal  [32-Bits]

Area                       Addr        Size        Decimal Bytes (Attributes)
--------------------       ----        ----        ------- ----- ------------
_SFR22                 00000000    00000001 =           1. bytes (ABS,CON)

        Value  Global            Value  Global            Value  Global    
        -----  ------            -----  ------            -----  ------    
     0000FF45  _LYC_REG 
ASxxxx Linker V03.00 + NoICE + sdld,  page 67.
Hexadecimal  [32-Bits]

Area                       Addr        Size        Decimal Bytes (Attributes)
--------------------       ----        ----        ------- ----- ------------
_SFR23                 00000000    00000001 =           1. bytes (ABS,CON)

        Value  Global            Value  Global            Value  Global    
        -----  ------            -----  ------            -----  ------    
     0000FF46  _DMA_REG 
ASxxxx Linker V03.00 + NoICE + sdld,  page 68.
Hexadecimal  [32-Bits]

Area                       Addr        Size        Decimal Bytes (Attributes)
--------------------       ----        ----        ------- ----- ------------
_SFR24                 00000000    00000001 =           1. bytes (ABS,CON)

        Value  Global            Value  Global            Value  Global    
        -----  ------            -----  ------            -----  ------    
     0000FF47  _BGP_REG 
ASxxxx Linker V03.00 + NoICE + sdld,  page 69.
Hexadecimal  [32-Bits]

Area                       Addr        Size        Decimal Bytes (Attributes)
--------------------       ----        ----        ------- ----- ------------
_SFR25                 00000000    00000001 =           1. bytes (ABS,CON)

        Value  Global            Value  Global            Value  Global    
        -----  ------            -----  ------            -----  ------    
     0000FF48  _OBP0_REG
ASxxxx Linker V03.00 + NoICE + sdld,  page 70.
Hexadecimal  [32-Bits]

Area                       Addr        Size        Decimal Bytes (Attributes)
--------------------       ----        ----        ------- ----- ------------
_SFR26                 00000000    00000001 =           1. bytes (ABS,CON)

        Value  Global            Value  Global            Value  Global    
        -----  ------            -----  ------            -----  ------    
     0000FF49  _OBP1_REG
ASxxxx Linker V03.00 + NoICE + sdld,  page 71.
Hexadecimal  [32-Bits]

Area                       Addr        Size        Decimal Bytes (Attributes)
--------------------       ----        ----        ------- ----- ------------
_SFR27                 00000000    00000001 =           1. bytes (ABS,CON)

        Value  Global            Value  Global            Value  Global    
        -----  ------            -----  ------            -----  ------    
     0000FF4A  _WY_REG  
ASxxxx Linker V03.00 + NoICE + sdld,  page 72.
Hexadecimal  [32-Bits]

Area                       Addr        Size        Decimal Bytes (Attributes)
--------------------       ----        ----        ------- ----- ------------
_SFR28                 00000000    00000001 =           1. bytes (ABS,CON)

        Value  Global            Value  Global            Value  Global    
        -----  ------            -----  ------            -----  ------    
     0000FF4B  _WX_REG  
ASxxxx Linker V03.00 + NoICE + sdld,  page 73.
Hexadecimal  [32-Bits]

Area                       Addr        Size        Decimal Bytes (Attributes)
--------------------       ----        ----        ------- ----- ------------
_SFR29                 00000000    00000001 =           1. bytes (ABS,CON)

        Value  Global            Value  Global            Value  Global    
        -----  ------            -----  ------            -----  ------    
     0000FF4D  _KEY1_REG
ASxxxx Linker V03.00 + NoICE + sdld,  page 74.
Hexadecimal  [32-Bits]

Area                       Addr        Size        Decimal Bytes (Attributes)
--------------------       ----        ----        ------- ----- ------------
_SFR2a                 00000000    00000001 =           1. bytes (ABS,CON)

        Value  Global            Value  Global            Value  Global    
        -----  ------            -----  ------            -----  ------    
     0000FF4F  _VBK_REG 
ASxxxx Linker V03.00 + NoICE + sdld,  page 75.
Hexadecimal  [32-Bits]

Area                       Addr        Size        Decimal Bytes (Attributes)
--------------------       ----        ----        ------- ----- ------------
_SFR2b                 00000000    00000001 =           1. bytes (ABS,CON)

        Value  Global            Value  Global            Value  Global    
        -----  ------            -----  ------            -----  ------    
     0000FF51  _HDMA1_RE
ASxxxx Linker V03.00 + NoICE + sdld,  page 76.
Hexadecimal  [32-Bits]

Area                       Addr        Size        Decimal Bytes (Attributes)
--------------------       ----        ----        ------- ----- ------------
_SFR2c                 00000000    00000001 =           1. bytes (ABS,CON)

        Value  Global            Value  Global            Value  Global    
        -----  ------            -----  ------            -----  ------    
     0000FF52  _HDMA2_RE
ASxxxx Linker V03.00 + NoICE + sdld,  page 77.
Hexadecimal  [32-Bits]

Area                       Addr        Size        Decimal Bytes (Attributes)
--------------------       ----        ----        ------- ----- ------------
_SFR2d                 00000000    00000001 =           1. bytes (ABS,CON)

        Value  Global            Value  Global            Value  Global    
        -----  ------            -----  ------            -----  ------    
     0000FF53  _HDMA3_RE
ASxxxx Linker V03.00 + NoICE + sdld,  page 78.
Hexadecimal  [32-Bits]

Area                       Addr        Size        Decimal Bytes (Attributes)
--------------------       ----        ----        ------- ----- ------------
_SFR2e                 00000000    00000001 =           1. bytes (ABS,CON)

        Value  Global            Value  Global            Value  Global    
        -----  ------            -----  ------            -----  ------    
     0000FF54  _HDMA4_RE
ASxxxx Linker V03.00 + NoICE + sdld,  page 79.
Hexadecimal  [32-Bits]

Area                       Addr        Size        Decimal Bytes (Attributes)
--------------------       ----        ----        ------- ----- ------------
_SFR2f                 00000000    00000001 =           1. bytes (ABS,CON)

        Value  Global            Value  Global            Value  Global    
        -----  ------            -----  ------            -----  ------    
     0000FF55  _HDMA5_RE
ASxxxx Linker V03.00 + NoICE + sdld,  page 80.
Hexadecimal  [32-Bits]

Area                       Addr        Size        Decimal Bytes (Attributes)
--------------------       ----        ----        ------- ----- ------------
_SFR30                 00000000    00000001 =           1. bytes (ABS,CON)

        Value  Global            Value  Global            Value  Global    
        -----  ------            -----  ------            -----  ------    
     0000FF56  _RP_REG  
ASxxxx Linker V03.00 + NoICE + sdld,  page 81.
Hexadecimal  [32-Bits]

Area                       Addr        Size        Decimal Bytes (Attributes)
--------------------       ----        ----        ------- ----- ------------
_SFR31                 00000000    00000001 =           1. bytes (ABS,CON)

        Value  Global            Value  Global            Value  Global    
        -----  ------            -----  ------            -----  ------    
     0000FF68  _BCPS_REG
ASxxxx Linker V03.00 + NoICE + sdld,  page 82.
Hexadecimal  [32-Bits]

Area                       Addr        Size        Decimal Bytes (Attributes)
--------------------       ----        ----        ------- ----- ------------
_SFR32                 00000000    00000001 =           1. bytes (ABS,CON)

        Value  Global            Value  Global            Value  Global    
        -----  ------            -----  ------            -----  ------    
     0000FF69  _BCPD_REG
ASxxxx Linker V03.00 + NoICE + sdld,  page 83.
Hexadecimal  [32-Bits]

Area                       Addr        Size        Decimal Bytes (Attributes)
--------------------       ----        ----        ------- ----- ------------
_SFR33                 00000000    00000001 =           1. bytes (ABS,CON)

        Value  Global            Value  Global            Value  Global    
        -----  ------            -----  ------            -----  ------    
     0000FF6A  _OCPS_REG
ASxxxx Linker V03.00 + NoICE + sdld,  page 84.
Hexadecimal  [32-Bits]

Area                       Addr        Size        Decimal Bytes (Attributes)
--------------------       ----        ----        ------- ----- ------------
_SFR34                 00000000    00000001 =           1. bytes (ABS,CON)

        Value  Global            Value  Global            Value  Global    
        -----  ------            -----  ------            -----  ------    
     0000FF6B  _OCPD_REG
ASxxxx Linker V03.00 + NoICE + sdld,  page 85.
Hexadecimal  [32-Bits]

Area                       Addr        Size        Decimal Bytes (Attributes)
--------------------       ----        ----        ------- ----- ------------
_SFR35                 00000000    00000001 =           1. bytes (ABS,CON)

        Value  Global            Value  Global            Value  Global    
        -----  ------            -----  ------            -----  ------    
     0000FF70  _SVBK_REG
ASxxxx Linker V03.00 + NoICE + sdld,  page 86.
Hexadecimal  [32-Bits]

Area                       Addr        Size        Decimal Bytes (Attributes)
--------------------       ----        ----        ------- ----- ------------
_SFR36                 00000000    00000001 =           1. bytes (ABS,CON)

        Value  Global            Value  Global            Value  Global    
        -----  ------            -----  ------            -----  ------    
     0000FFFF  _IE_REG  
ASxxxx Linker V03.00 + NoICE + sdld,  page 87.
Hexadecimal  [32-Bits]

Area                       Addr        Size        Decimal Bytes (Attributes)
--------------------       ----        ----        ------- ----- ------------
_HEADER_LCD0           00000000    00000003 =           3. bytes (ABS,CON)

        Value  Global            Value  Global            Value  Global    
        -----  ------            -----  ------            -----  ------    
ASxxxx Linker V03.00 + NoICE + sdld,  page 88.

Files Linked                              [ module(s) ]

/opt/gbdk/lib/small/asxxxx/gb/crt0.o      [ Runtime ]
src/knight_sprites.o                      [ knight_sprites ]
main.o                                    [ main ]
src/functions.o                           [ functions ]
src/characters.o                          [ characters ]
src/windowLayer.o                         [ windowLayer ]
src/knight_tiles.o                        [ knight_tiles ]
src/gameCharacter.o                       [ gameCharacter ]
src/ForestBG.o                            [ ForestBG ]
audio/output.o                            [ output ]
audio/gbt_player.o                        [  ]
audio/gbt_player_bank1.o                  [  ]


Libraries Linked                          [ object file ]

/opt/gbdk/lib/small/asxxxx/gb/gb.lib      [ font.o ]
/opt/gbdk/lib/small/asxxxx/gb/gb.lib      [ rand.o ]
/opt/gbdk/lib/small/asxxxx/gbz80/gbz80.lib
                                          [ div.o ]
/opt/gbdk/lib/small/asxxxx/gb/gb.lib      [ pad.o ]
/opt/gbdk/lib/small/asxxxx/gb/gb.lib      [ sfr.o ]
/opt/gbdk/lib/small/asxxxx/gb/gb.lib      [ cgb.o ]
/opt/gbdk/lib/small/asxxxx/gb/gb.lib      [ set_wi_t.o ]
/opt/gbdk/lib/small/asxxxx/gb/gb.lib      [ set_data.o ]
/opt/gbdk/lib/small/asxxxx/gb/gb.lib      [ color.o ]
/opt/gbdk/lib/small/asxxxx/gb/gb.lib      [ drawing_isr.o ]
/opt/gbdk/lib/small/asxxxx/gb/gb.lib      [ lcd.o ]
/opt/gbdk/lib/small/asxxxx/gb/gb.lib      [ f_ibm_sh.o ]
/opt/gbdk/lib/small/asxxxx/gb/gb.lib      [ f_min.o ]
/opt/gbdk/lib/small/asxxxx/gb/gb.lib      [ set_bk_t.o ]
/opt/gbdk/lib/small/asxxxx/gb/gb.lib      [ set_xy_t.o ]

ASxxxx Linker V03.00 + NoICE + sdld,  page 89.

User Base Address Definitions

_DATA=0xc0a0
_CODE=0x0200
ASxxxx Linker V03.00 + NoICE + sdld,  page 90.

User Global Definitions

_shadow_OAM=0xC000
.STACK=0xE000
.refresh_OAM=0xFF80

