ASxxxx Linker V03.00 + NoICE + sdld,  page 1.
Hexadecimal  [32-Bits]

Area                       Addr        Size        Decimal Bytes (Attributes)
--------------------       ----        ----        ------- ----- ------------
.  .ABS.               00000000    00000000 =           0. bytes (ABS,CON)

        Value  Global            Value  Global            Value  Global    
        -----  ------            -----  ------            -----  ------    
     00000000  .__.ABS.  |    00000000  l__CABS   |    00000000  l__CODE_0
     00000000  l__DABS   |    00000000  l__FONT_H |    00000000  l__HEADER
     00000000  l__HEADER |    00000000  l__HEAP   |    00000000  l__HRAM  
     00000000  l__LIT    |    00000000  l__SFR    |    00000000  s__CABS  
     00000000  s__DABS   |    00000000  s__FONT_H |    00000000  s__FONT_H
     00000000  s__HEADER |    00000000  s__HEADER |    00000000  s__HEADER
     00000000  s__HEADER |    00000000  s__HEADER |    00000000  s__HEADER
     00000000  s__HEADER |    00000000  s__HEADER |    00000000  s__HEADER
     00000000  s__HEADER |    00000000  s__HEADER |    00000000  s__HEADER
     00000000  s__HEADER |    00000000  s__HEADER |    00000000  s__HEADER
     00000000  s__HEADER |    00000000  s__HEADER |    00000000  s__HEADER
     00000000  s__HEADER |    00000000  s__HEADER |    00000000  s__HEADER
     00000000  s__HRAM   |    00000000  s__HRAM12 |    00000000  s__SFR   
     00000000  s__SFR0   |    00000000  s__SFR1   |    00000000  s__SFR10 
     00000000  s__SFR11  |    00000000  s__SFR12  |    00000000  s__SFR13 
     00000000  s__SFR14  |    00000000  s__SFR15  |    00000000  s__SFR16 
     00000000  s__SFR17  |    00000000  s__SFR18  |    00000000  s__SFR19 
     00000000  s__SFR1a  |    00000000  s__SFR1b  |    00000000  s__SFR1c 
     00000000  s__SFR1d  |    00000000  s__SFR1e  |    00000000  s__SFR1f 
     00000000  s__SFR2   |    00000000  s__SFR20  |    00000000  s__SFR21 
     00000000  s__SFR22  |    00000000  s__SFR23  |    00000000  s__SFR24 
     00000000  s__SFR25  |    00000000  s__SFR26  |    00000000  s__SFR27 
     00000000  s__SFR28  |    00000000  s__SFR29  |    00000000  s__SFR2a 
     00000000  s__SFR2b  |    00000000  s__SFR2c  |    00000000  s__SFR2d 
     00000000  s__SFR2e  |    00000000  s__SFR2f  |    00000000  s__SFR3  
     00000000  s__SFR30  |    00000000  s__SFR31  |    00000000  s__SFR32 
     00000000  s__SFR33  |    00000000  s__SFR34  |    00000000  s__SFR35 
     00000000  s__SFR36  |    00000000  s__SFR4   |    00000000  s__SFR5  
     00000000  s__SFR6   |    00000000  s__SFR7   |    00000000  s__SFR8  
     00000000  s__SFR9   |    00000000  s__SFRa   |    00000000  s__SFRb  
     00000000  s__SFRc   |    00000000  s__SFRd   |    00000000  s__SFRe  
     00000000  s__SFRf   |    00000001  l__GSFINA |    00000001  l__HEADER
     00000001  l__HEADER |    00000001  l__HEADER |    00000001  l__HEADER
     00000001  l__HEADER |    00000001  l__HEADER |    00000001  l__HEADER
     00000001  l__SFR0   |    00000001  l__SFR1   |    00000001  l__SFR10 
     00000001  l__SFR11  |    00000001  l__SFR12  |    00000001  l__SFR13 
     00000001  l__SFR14  |    00000001  l__SFR15  |    00000001  l__SFR16 
     00000001  l__SFR17  |    00000001  l__SFR18  |    00000001  l__SFR19 
     00000001  l__SFR1a  |    00000001  l__SFR1b  |    00000001  l__SFR1c 
     00000001  l__SFR1d  |    00000001  l__SFR1e  |    00000001  l__SFR1f 
     00000001  l__SFR2   |    00000001  l__SFR20  |    00000001  l__SFR21 
     00000001  l__SFR22  |    00000001  l__SFR23  |    00000001  l__SFR24 
     00000001  l__SFR25  |    00000001  l__SFR26  |    00000001  l__SFR27 
     00000001  l__SFR28  |    00000001  l__SFR29  |    00000001  l__SFR2a 
     00000001  l__SFR2b  |    00000001  l__SFR2c  |    00000001  l__SFR2d 
     00000001  l__SFR2e  |    00000001  l__SFR2f  |    00000001  l__SFR3  
     00000001  l__SFR30  |    00000001  l__SFR31  |    00000001  l__SFR32 
     00000001  l__SFR33  |    00000001  l__SFR34  |    00000001  l__SFR35 
     00000001  l__SFR36  |    00000001  l__SFR4   |    00000001  l__SFR5  
     00000001  l__SFR6   |    00000001  l__SFR7   |    00000001  l__SFR8  
ASxxxx Linker V03.00 + NoICE + sdld,  page 2.
Hexadecimal  [32-Bits]

Area                       Addr        Size        Decimal Bytes (Attributes)
--------------------       ----        ----        ------- ----- ------------
.  .ABS.               00000000    00000000 =           0. bytes (ABS,CON)

        Value  Global            Value  Global            Value  Global    
        -----  ------            -----  ------            -----  ------    
     00000001  l__SFR9   |    00000001  l__SFRa   |    00000001  l__SFRb  
     00000001  l__SFRc   |    00000001  l__SFRd   |    00000001  l__SFRe  
     00000001  l__SFRf   |    00000002  l__HEADER |    00000002  l__HEADER
     00000002  l__HEADER |    00000003  l__FONT_H |    00000003  l__HEADER
     00000003  l__HEADER |    00000003  l__HRAM12 |    00000005  l__HEADER
     00000006  l__HEADER |    00000007  l__HEADER |    00000008  l__HEADER
     0000001A  l__INITIA |    0000001A  l__INITIA |    0000002C  l__HEADER
     00000030  l__HEADER |    0000003A  l__GSINIT |    00000045  l__BSS   
     0000006A  l__HOME   |    00000083  l__HEADER |    0000008D  l__DATA  
     00000200  s__CODE   |    000009B9  l__BASE   |    00003B7A  l__CODE  
     00003D7A  s__HOME   |    00003DE4  s__BASE   |    0000479D  s__CODE_0
     0000479D  s__INITIA |    0000479D  s__LIT    |    000047B7  s__GSINIT
     000047F1  s__GSFINA |    0000C000  _shadow_O |    0000C0A0  s__DATA  
     0000C12D  s__BSS    |    0000C172  s__INITIA |    0000C18C  s__HEAP  
     0000E000  .STACK    |    0000FF80  .refresh_
ASxxxx Linker V03.00 + NoICE + sdld,  page 3.
Hexadecimal  [32-Bits]

Area                       Addr        Size        Decimal Bytes (Attributes)
--------------------       ----        ----        ------- ----- ------------
_CODE                  00000200    00003B7A =       15226. bytes (REL,CON)

        Value  Global            Value  Global            Value  Global    
        -----  ------            -----  ------            -----  ------    
     00000200  _knight_s |    00000225  _knight_s |    00000475  _main    
     000005CA  _titlescr |    00000EBA  _titlescr |    00001022  _interrup
     00001029  _spritePa |    00001059  _backgrou |    00001079  _turnOnSo
     00001086  _turnOffS |    0000108A  _init     |    000010B9  _performD
     000010CE  _checkCol |    00001266  _checkPla |    00001438  _moveChar
     000014BC  _setupPla |    0000150F  _Animatio |    0000163E  _explosio
     0000166F  _setupCoi |    00001779  _position |    000019B5  _setupArr
     00001A1F  _position |    00001AA3  _setupObs |    00001CAD  _position
     00001DDA  _setupBom |    00001E4E  _position |    00001EFA  _setupBac
     00001F2F  _joyHandl |    00001F5E  _fadeOut  |    00001FA7  _resetBac
     00001FBA  _updateCo |    0000200A  _updateHe |    00002050  _updateSc
     00002080  _hitSound |    00002094  _coinSoun |    000020A9  _randomiz
     000020C9  _gameOver |    0000213F  _Knight_t |    0000214C  _Knight_t
     0000221C  _ForestBG |    0000249C  _ForestBG |    0000271C  _GameOver
     00002884  _song0    |    000029B7  _song1    |    00002AE1  _song2   
     00002C0F  _song3    |    00002D39  _song4    |    00002E65  _song5   
     00002F79  _song6    |    000030A0  _song7    |    000031C4  _song8   
     000032ED  _song_Dat |    00003305  gbt_get_p |    00003322  _gbt_play
     000033DD  _gbt_paus |    000033EE  _gbt_loop |    000033F5  _gbt_stop
     00003400  _gbt_enab |    00003407  _gbt_upda |    00003638  gbt_chann
     0000378E  gbt_chann |    000038E0  gbt_chann |    00003A51  gbt_chann
     00003B51  gbt_updat |    00003B6D  gbt_updat |    00003B8A  _putchar 
     00003B93  _setchar  |    00003B9C  _gotoxy   |    00003BA7  _posx    
     00003BB8  _posy     |    00003BC9  _rand     |    00003BC9  _randw   
     00003BF4  __divsuch |    00003C01  __modsuch |    00003C0B  __divusch
     00003C1D  __modusch |    00003C2D  __divscha |    00003C39  __modscha
     00003C43  __divsint |    00003C54  __modsint |    00003C63  __divucha
     00003C6F  __moducha |    00003C79  __divuint |    00003C8A  __moduint
     00003C99  .div8     |    00003C99  .mod8     |    00003CA1  .div16   
     00003CA1  .mod16    |    00003CD7  .divu8    |    00003CD7  .modu8   
     00003CDA  .divu16   |    00003CDA  .modu16   |    00003D1B  _set_spri
     00003D20  _set_bkg_ |    00003D23  .set_pale |    00003D3F  _cpu_slow
     00003D5A  _cpu_fast |    00003D61  _cgb_comp
ASxxxx Linker V03.00 + NoICE + sdld,  page 4.
Hexadecimal  [32-Bits]

Area                       Addr        Size        Decimal Bytes (Attributes)
--------------------       ----        ----        ------- ----- ------------
_HEADER0               00000000    00000001 =           1. bytes (ABS,CON)

        Value  Global            Value  Global            Value  Global    
        -----  ------            -----  ------            -----  ------    
     00000020  .call_hl 
ASxxxx Linker V03.00 + NoICE + sdld,  page 5.
Hexadecimal  [32-Bits]

Area                       Addr        Size        Decimal Bytes (Attributes)
--------------------       ----        ----        ------- ----- ------------
_HEADER1               00000000    00000005 =           5. bytes (ABS,CON)

        Value  Global            Value  Global            Value  Global    
        -----  ------            -----  ------            -----  ------    
     00000028  .MemsetSm
ASxxxx Linker V03.00 + NoICE + sdld,  page 6.
Hexadecimal  [32-Bits]

Area                       Addr        Size        Decimal Bytes (Attributes)
--------------------       ----        ----        ------- ----- ------------
_HEADER2               00000000    00000007 =           7. bytes (ABS,CON)

        Value  Global            Value  Global            Value  Global    
        -----  ------            -----  ------            -----  ------    
     00000030  .MemcpySm
ASxxxx Linker V03.00 + NoICE + sdld,  page 7.
Hexadecimal  [32-Bits]

Area                       Addr        Size        Decimal Bytes (Attributes)
--------------------       ----        ----        ------- ----- ------------
_HEADER3               00000000    00000008 =           8. bytes (ABS,CON)

        Value  Global            Value  Global            Value  Global    
        -----  ------            -----  ------            -----  ------    
ASxxxx Linker V03.00 + NoICE + sdld,  page 8.
Hexadecimal  [32-Bits]

Area                       Addr        Size        Decimal Bytes (Attributes)
--------------------       ----        ----        ------- ----- ------------
_HEADER4               00000000    0000002C =          44. bytes (ABS,CON)

        Value  Global            Value  Global            Value  Global    
        -----  ------            -----  ------            -----  ------    
     00000080  .int      |    0000008F  _wait_int |    0000009C  __standar
ASxxxx Linker V03.00 + NoICE + sdld,  page 9.
Hexadecimal  [32-Bits]

Area                       Addr        Size        Decimal Bytes (Attributes)
--------------------       ----        ----        ------- ----- ------------
_HEADER5               00000000    00000002 =           2. bytes (ABS,CON)

        Value  Global            Value  Global            Value  Global    
        -----  ------            -----  ------            -----  ------    
ASxxxx Linker V03.00 + NoICE + sdld,  page 10.
Hexadecimal  [32-Bits]

Area                       Addr        Size        Decimal Bytes (Attributes)
--------------------       ----        ----        ------- ----- ------------
_HEADER6               00000000    00000030 =          48. bytes (ABS,CON)

        Value  Global            Value  Global            Value  Global    
        -----  ------            -----  ------            -----  ------    
ASxxxx Linker V03.00 + NoICE + sdld,  page 11.
Hexadecimal  [32-Bits]

Area                       Addr        Size        Decimal Bytes (Attributes)
--------------------       ----        ----        ------- ----- ------------
_HEADER7               00000000    00000006 =           6. bytes (ABS,CON)

        Value  Global            Value  Global            Value  Global    
        -----  ------            -----  ------            -----  ------    
ASxxxx Linker V03.00 + NoICE + sdld,  page 12.
Hexadecimal  [32-Bits]

Area                       Addr        Size        Decimal Bytes (Attributes)
--------------------       ----        ----        ------- ----- ------------
_HEADER8               00000000    00000003 =           3. bytes (ABS,CON)

        Value  Global            Value  Global            Value  Global    
        -----  ------            -----  ------            -----  ------    
ASxxxx Linker V03.00 + NoICE + sdld,  page 13.
Hexadecimal  [32-Bits]

Area                       Addr        Size        Decimal Bytes (Attributes)
--------------------       ----        ----        ------- ----- ------------
_HEADER9               00000000    00000001 =           1. bytes (ABS,CON)

        Value  Global            Value  Global            Value  Global    
        -----  ------            -----  ------            -----  ------    
ASxxxx Linker V03.00 + NoICE + sdld,  page 14.
Hexadecimal  [32-Bits]

Area                       Addr        Size        Decimal Bytes (Attributes)
--------------------       ----        ----        ------- ----- ------------
_HEADERa               00000000    00000001 =           1. bytes (ABS,CON)

        Value  Global            Value  Global            Value  Global    
        -----  ------            -----  ------            -----  ------    
ASxxxx Linker V03.00 + NoICE + sdld,  page 15.
Hexadecimal  [32-Bits]

Area                       Addr        Size        Decimal Bytes (Attributes)
--------------------       ----        ----        ------- ----- ------------
_HEADERb               00000000    00000001 =           1. bytes (ABS,CON)

        Value  Global            Value  Global            Value  Global    
        -----  ------            -----  ------            -----  ------    
ASxxxx Linker V03.00 + NoICE + sdld,  page 16.
Hexadecimal  [32-Bits]

Area                       Addr        Size        Decimal Bytes (Attributes)
--------------------       ----        ----        ------- ----- ------------
_HEADERc               00000000    00000002 =           2. bytes (ABS,CON)

        Value  Global            Value  Global            Value  Global    
        -----  ------            -----  ------            -----  ------    
ASxxxx Linker V03.00 + NoICE + sdld,  page 17.
Hexadecimal  [32-Bits]

Area                       Addr        Size        Decimal Bytes (Attributes)
--------------------       ----        ----        ------- ----- ------------
_HEADERd               00000000    00000001 =           1. bytes (ABS,CON)

        Value  Global            Value  Global            Value  Global    
        -----  ------            -----  ------            -----  ------    
ASxxxx Linker V03.00 + NoICE + sdld,  page 18.
Hexadecimal  [32-Bits]

Area                       Addr        Size        Decimal Bytes (Attributes)
--------------------       ----        ----        ------- ----- ------------
_HEADERe               00000000    00000001 =           1. bytes (ABS,CON)

        Value  Global            Value  Global            Value  Global    
        -----  ------            -----  ------            -----  ------    
ASxxxx Linker V03.00 + NoICE + sdld,  page 19.
Hexadecimal  [32-Bits]

Area                       Addr        Size        Decimal Bytes (Attributes)
--------------------       ----        ----        ------- ----- ------------
_HEADERf               00000000    00000002 =           2. bytes (ABS,CON)

        Value  Global            Value  Global            Value  Global    
        -----  ------            -----  ------            -----  ------    
ASxxxx Linker V03.00 + NoICE + sdld,  page 20.
Hexadecimal  [32-Bits]

Area                       Addr        Size        Decimal Bytes (Attributes)
--------------------       ----        ----        ------- ----- ------------
_HEADER10              00000000    00000083 =         131. bytes (ABS,CON)

        Value  Global            Value  Global            Value  Global    
        -----  ------            -----  ------            -----  ------    
     00000150  .reset    |    00000150  _reset    |    00000153  .code_sta
     000001B4  _exit     |    000001B8  _enable_i |    000001BA  _disable_
     000001BC  _set_inte
ASxxxx Linker V03.00 + NoICE + sdld,  page 21.
Hexadecimal  [32-Bits]

Area                       Addr        Size        Decimal Bytes (Attributes)
--------------------       ----        ----        ------- ----- ------------
_HEADER11              00000000    00000001 =           1. bytes (ABS,CON)

        Value  Global            Value  Global            Value  Global    
        -----  ------            -----  ------            -----  ------    
ASxxxx Linker V03.00 + NoICE + sdld,  page 22.
Hexadecimal  [32-Bits]

Area                       Addr        Size        Decimal Bytes (Attributes)
--------------------       ----        ----        ------- ----- ------------
_HOME                  00003D7A    0000006A =         106. bytes (REL,CON)

        Value  Global            Value  Global            Value  Global    
        -----  ------            -----  ------            -----  ------    
     00003D7A  .remove_V |    00003D7D  .remove_i |    00003D9A  .add_VBL 
     00003D9D  .add_int  |    00003DA8  .wait_vbl |    00003DA8  _wait_vbl
     00003DB7  .display_ |    00003DB7  _display_ |    00003DCE  _remove_V
     00003DD9  _add_VBL 
ASxxxx Linker V03.00 + NoICE + sdld,  page 23.
Hexadecimal  [32-Bits]

Area                       Addr        Size        Decimal Bytes (Attributes)
--------------------       ----        ----        ------- ----- ------------
_BASE                  00003DE4    000009B9 =        2489. bytes (REL,CON)

        Value  Global            Value  Global            Value  Global    
        -----  ------            -----  ------            -----  ------    
     00003DE4  _font_loa |    00003DEB  font_copy |    00003E21  font_copy
     00003E70  font_load |    00003EB8  font_copy |    00003F00  font_set 
     00003F0D  .put_char |    00003F25  .out_char |    00003F2B  .del_char
     00003F81  _font_loa |    00003F8F  _font_set |    00003F9E  _font_ini
     00003FBE  .cls      |    00003FBE  _cls      |    00003FF0  .cr_curs 
     00004005  .adv_curs |    00004061  .tmode    |    0000408A  .tmode_ou
     0000409A  _initrand |    0000409C  .initrand |    000040A5  .padup   
     000040A5  _waitpadu |    000040B5  .jpad     |    000040B5  _joypad  
     000040DD  _waitpad  |    000040E0  .wait_pad |    000040E7  _set_spri
     000040EC  _set_bkg_ |    000040EF  .set_pale |    0000410E  _set_win_
     00004122  _set_tile |    00004127  _set_bkg_ |    00004127  _set_win_
     0000412F  _set_spri |    0000415F  _color    |    0000416E  .drawing_
     00004179  .drawing_ |    000041B5  _add_LCD  |    000041C0  .add_LCD 
     000041C6  _remove_L |    000041D1  .remove_L |    000041D7  _font_ibm
     00004589  _font_min |    00004733  _set_bkg_ |    00004747  .set_xy_w
     00004750  .set_xy_b |    0000475F  .set_xy_t
ASxxxx Linker V03.00 + NoICE + sdld,  page 24.
Hexadecimal  [32-Bits]

Area                       Addr        Size        Decimal Bytes (Attributes)
--------------------       ----        ----        ------- ----- ------------
_INITIALIZER           0000479D    0000001A =          26. bytes (REL,CON)

        Value  Global            Value  Global            Value  Global    
        -----  ------            -----  ------            -----  ------    
ASxxxx Linker V03.00 + NoICE + sdld,  page 25.
Hexadecimal  [32-Bits]

Area                       Addr        Size        Decimal Bytes (Attributes)
--------------------       ----        ----        ------- ----- ------------
_GSINIT                000047B7    0000003A =          58. bytes (REL,CON)

        Value  Global            Value  Global            Value  Global    
        -----  ------            -----  ------            -----  ------    
     000047B7  gsinit   
ASxxxx Linker V03.00 + NoICE + sdld,  page 26.
Hexadecimal  [32-Bits]

Area                       Addr        Size        Decimal Bytes (Attributes)
--------------------       ----        ----        ------- ----- ------------
_GSFINAL               000047F1    00000001 =           1. bytes (REL,CON)

        Value  Global            Value  Global            Value  Global    
        -----  ------            -----  ------            -----  ------    
ASxxxx Linker V03.00 + NoICE + sdld,  page 27.
Hexadecimal  [32-Bits]

Area                       Addr        Size        Decimal Bytes (Attributes)
--------------------       ----        ----        ------- ----- ------------
_DATA                  0000C0A0    0000008D =         141. bytes (REL,CON)

        Value  Global            Value  Global            Value  Global    
        -----  ------            -----  ------            -----  ------    
     0000C0A0  _i        |    0000C0A1  _frame    |    0000C0A2  _spriteID
     0000C0A3  _seed     |    0000C0A5  _player   |    0000C0AE  _coins   
     0000C0C9  _arrow    |    0000C0D2  _obstacle |    0000C0E4  _bombs   
     0000C0ED  gbt_playi |    0000C0EE  gbt_song  |    0000C0F0  gbt_bank 
     0000C0F1  gbt_speed |    0000C0F2  gbt_temp_ |    0000C0FE  gbt_loop_
     0000C0FF  gbt_ticks |    0000C100  gbt_curre |    0000C101  gbt_curre
     0000C102  gbt_curre |    0000C104  gbt_chann |    0000C105  gbt_pan  
     0000C109  gbt_vol   |    0000C10D  gbt_instr |    0000C111  gbt_freq 
     0000C117  gbt_chann |    0000C118  gbt_arpeg |    0000C121  gbt_arpeg
     0000C124  gbt_arpeg |    0000C127  gbt_cut_n |    0000C12B  gbt_have_
     0000C12C  gbt_updat
ASxxxx Linker V03.00 + NoICE + sdld,  page 28.
Hexadecimal  [32-Bits]

Area                       Addr        Size        Decimal Bytes (Attributes)
--------------------       ----        ----        ------- ----- ------------
_BSS                   0000C12D    00000045 =          69. bytes (REL,CON)

        Value  Global            Value  Global            Value  Global    
        -----  ------            -----  ------            -----  ------    
     0000C12D  __cpu     |    0000C12E  .mode     |    0000C12F  .sys_time
     0000C12F  _sys_time |    0000C131  .int_0x40 |    0000C145  font_curr
     0000C148  font_firs |    0000C149  font_tabl |    0000C15B  .curx    
     0000C15C  .cury     |    0000C15D  .randhi   |    0000C15E  .randlo  
     0000C15F  .fg_colou |    0000C160  .bg_colou |    0000C161  .draw_mod
     0000C162  .int_0x48
ASxxxx Linker V03.00 + NoICE + sdld,  page 29.
Hexadecimal  [32-Bits]

Area                       Addr        Size        Decimal Bytes (Attributes)
--------------------       ----        ----        ------- ----- ------------
_INITIALIZED           0000C172    0000001A =          26. bytes (REL,CON)

        Value  Global            Value  Global            Value  Global    
        -----  ------            -----  ------            -----  ------    
     0000C172  _game_on  |    0000C173  _spritesi |    0000C174  _swap    
     0000C175  _expFrame |    0000C176  _hit      |    0000C177  _explosio
     0000C178  _windowma
ASxxxx Linker V03.00 + NoICE + sdld,  page 30.
Hexadecimal  [32-Bits]

Area                       Addr        Size        Decimal Bytes (Attributes)
--------------------       ----        ----        ------- ----- ------------
_HRAM12                00000000    00000003 =           3. bytes (ABS,CON)

        Value  Global            Value  Global            Value  Global    
        -----  ------            -----  ------            -----  ------    
     0000FF90  __current |    0000FF92  __shadow_
ASxxxx Linker V03.00 + NoICE + sdld,  page 31.
Hexadecimal  [32-Bits]

Area                       Addr        Size        Decimal Bytes (Attributes)
--------------------       ----        ----        ------- ----- ------------
_FONT_HEADER0          00000000    00000003 =           3. bytes (ABS,CON)

        Value  Global            Value  Global            Value  Global    
        -----  ------            -----  ------            -----  ------    
ASxxxx Linker V03.00 + NoICE + sdld,  page 32.
Hexadecimal  [32-Bits]

Area                       Addr        Size        Decimal Bytes (Attributes)
--------------------       ----        ----        ------- ----- ------------
_SFR0                  00000000    00000001 =           1. bytes (ABS,CON)

        Value  Global            Value  Global            Value  Global    
        -----  ------            -----  ------            -----  ------    
     0000FF00  _P1_REG  
ASxxxx Linker V03.00 + NoICE + sdld,  page 33.
Hexadecimal  [32-Bits]

Area                       Addr        Size        Decimal Bytes (Attributes)
--------------------       ----        ----        ------- ----- ------------
_SFR1                  00000000    00000001 =           1. bytes (ABS,CON)

        Value  Global            Value  Global            Value  Global    
        -----  ------            -----  ------            -----  ------    
     0000FF01  _SB_REG  
ASxxxx Linker V03.00 + NoICE + sdld,  page 34.
Hexadecimal  [32-Bits]

Area                       Addr        Size        Decimal Bytes (Attributes)
--------------------       ----        ----        ------- ----- ------------
_SFR2                  00000000    00000001 =           1. bytes (ABS,CON)

        Value  Global            Value  Global            Value  Global    
        -----  ------            -----  ------            -----  ------    
     0000FF02  _SC_REG  
ASxxxx Linker V03.00 + NoICE + sdld,  page 35.
Hexadecimal  [32-Bits]

Area                       Addr        Size        Decimal Bytes (Attributes)
--------------------       ----        ----        ------- ----- ------------
_SFR3                  00000000    00000001 =           1. bytes (ABS,CON)

        Value  Global            Value  Global            Value  Global    
        -----  ------            -----  ------            -----  ------    
     0000FF04  _DIV_REG 
ASxxxx Linker V03.00 + NoICE + sdld,  page 36.
Hexadecimal  [32-Bits]

Area                       Addr        Size        Decimal Bytes (Attributes)
--------------------       ----        ----        ------- ----- ------------
_SFR4                  00000000    00000001 =           1. bytes (ABS,CON)

        Value  Global            Value  Global            Value  Global    
        -----  ------            -----  ------            -----  ------    
     0000FF05  _TIMA_REG
ASxxxx Linker V03.00 + NoICE + sdld,  page 37.
Hexadecimal  [32-Bits]

Area                       Addr        Size        Decimal Bytes (Attributes)
--------------------       ----        ----        ------- ----- ------------
_SFR5                  00000000    00000001 =           1. bytes (ABS,CON)

        Value  Global            Value  Global            Value  Global    
        -----  ------            -----  ------            -----  ------    
     0000FF06  _TMA_REG 
ASxxxx Linker V03.00 + NoICE + sdld,  page 38.
Hexadecimal  [32-Bits]

Area                       Addr        Size        Decimal Bytes (Attributes)
--------------------       ----        ----        ------- ----- ------------
_SFR6                  00000000    00000001 =           1. bytes (ABS,CON)

        Value  Global            Value  Global            Value  Global    
        -----  ------            -----  ------            -----  ------    
     0000FF07  _TAC_REG 
ASxxxx Linker V03.00 + NoICE + sdld,  page 39.
Hexadecimal  [32-Bits]

Area                       Addr        Size        Decimal Bytes (Attributes)
--------------------       ----        ----        ------- ----- ------------
_SFR7                  00000000    00000001 =           1. bytes (ABS,CON)

        Value  Global            Value  Global            Value  Global    
        -----  ------            -----  ------            -----  ------    
     0000FF0F  _IF_REG  
ASxxxx Linker V03.00 + NoICE + sdld,  page 40.
Hexadecimal  [32-Bits]

Area                       Addr        Size        Decimal Bytes (Attributes)
--------------------       ----        ----        ------- ----- ------------
_SFR8                  00000000    00000001 =           1. bytes (ABS,CON)

        Value  Global            Value  Global            Value  Global    
        -----  ------            -----  ------            -----  ------    
     0000FF10  _NR10_REG
ASxxxx Linker V03.00 + NoICE + sdld,  page 41.
Hexadecimal  [32-Bits]

Area                       Addr        Size        Decimal Bytes (Attributes)
--------------------       ----        ----        ------- ----- ------------
_SFR9                  00000000    00000001 =           1. bytes (ABS,CON)

        Value  Global            Value  Global            Value  Global    
        -----  ------            -----  ------            -----  ------    
     0000FF11  _NR11_REG
ASxxxx Linker V03.00 + NoICE + sdld,  page 42.
Hexadecimal  [32-Bits]

Area                       Addr        Size        Decimal Bytes (Attributes)
--------------------       ----        ----        ------- ----- ------------
_SFRa                  00000000    00000001 =           1. bytes (ABS,CON)

        Value  Global            Value  Global            Value  Global    
        -----  ------            -----  ------            -----  ------    
     0000FF12  _NR12_REG
ASxxxx Linker V03.00 + NoICE + sdld,  page 43.
Hexadecimal  [32-Bits]

Area                       Addr        Size        Decimal Bytes (Attributes)
--------------------       ----        ----        ------- ----- ------------
_SFRb                  00000000    00000001 =           1. bytes (ABS,CON)

        Value  Global            Value  Global            Value  Global    
        -----  ------            -----  ------            -----  ------    
     0000FF13  _NR13_REG
ASxxxx Linker V03.00 + NoICE + sdld,  page 44.
Hexadecimal  [32-Bits]

Area                       Addr        Size        Decimal Bytes (Attributes)
--------------------       ----        ----        ------- ----- ------------
_SFRc                  00000000    00000001 =           1. bytes (ABS,CON)

        Value  Global            Value  Global            Value  Global    
        -----  ------            -----  ------            -----  ------    
     0000FF14  _NR14_REG
ASxxxx Linker V03.00 + NoICE + sdld,  page 45.
Hexadecimal  [32-Bits]

Area                       Addr        Size        Decimal Bytes (Attributes)
--------------------       ----        ----        ------- ----- ------------
_SFRd                  00000000    00000001 =           1. bytes (ABS,CON)

        Value  Global            Value  Global            Value  Global    
        -----  ------            -----  ------            -----  ------    
     0000FF16  _NR21_REG
ASxxxx Linker V03.00 + NoICE + sdld,  page 46.
Hexadecimal  [32-Bits]

Area                       Addr        Size        Decimal Bytes (Attributes)
--------------------       ----        ----        ------- ----- ------------
_SFRe                  00000000    00000001 =           1. bytes (ABS,CON)

        Value  Global            Value  Global            Value  Global    
        -----  ------            -----  ------            -----  ------    
     0000FF17  _NR22_REG
ASxxxx Linker V03.00 + NoICE + sdld,  page 47.
Hexadecimal  [32-Bits]

Area                       Addr        Size        Decimal Bytes (Attributes)
--------------------       ----        ----        ------- ----- ------------
_SFRf                  00000000    00000001 =           1. bytes (ABS,CON)

        Value  Global            Value  Global            Value  Global    
        -----  ------            -----  ------            -----  ------    
     0000FF18  _NR23_REG
ASxxxx Linker V03.00 + NoICE + sdld,  page 48.
Hexadecimal  [32-Bits]

Area                       Addr        Size        Decimal Bytes (Attributes)
--------------------       ----        ----        ------- ----- ------------
_SFR10                 00000000    00000001 =           1. bytes (ABS,CON)

        Value  Global            Value  Global            Value  Global    
        -----  ------            -----  ------            -----  ------    
     0000FF19  _NR24_REG
ASxxxx Linker V03.00 + NoICE + sdld,  page 49.
Hexadecimal  [32-Bits]

Area                       Addr        Size        Decimal Bytes (Attributes)
--------------------       ----        ----        ------- ----- ------------
_SFR11                 00000000    00000001 =           1. bytes (ABS,CON)

        Value  Global            Value  Global            Value  Global    
        -----  ------            -----  ------            -----  ------    
     0000FF1A  _NR30_REG
ASxxxx Linker V03.00 + NoICE + sdld,  page 50.
Hexadecimal  [32-Bits]

Area                       Addr        Size        Decimal Bytes (Attributes)
--------------------       ----        ----        ------- ----- ------------
_SFR12                 00000000    00000001 =           1. bytes (ABS,CON)

        Value  Global            Value  Global            Value  Global    
        -----  ------            -----  ------            -----  ------    
     0000FF1B  _NR31_REG
ASxxxx Linker V03.00 + NoICE + sdld,  page 51.
Hexadecimal  [32-Bits]

Area                       Addr        Size        Decimal Bytes (Attributes)
--------------------       ----        ----        ------- ----- ------------
_SFR13                 00000000    00000001 =           1. bytes (ABS,CON)

        Value  Global            Value  Global            Value  Global    
        -----  ------            -----  ------            -----  ------    
     0000FF1C  _NR32_REG
ASxxxx Linker V03.00 + NoICE + sdld,  page 52.
Hexadecimal  [32-Bits]

Area                       Addr        Size        Decimal Bytes (Attributes)
--------------------       ----        ----        ------- ----- ------------
_SFR14                 00000000    00000001 =           1. bytes (ABS,CON)

        Value  Global            Value  Global            Value  Global    
        -----  ------            -----  ------            -----  ------    
     0000FF1D  _NR33_REG
ASxxxx Linker V03.00 + NoICE + sdld,  page 53.
Hexadecimal  [32-Bits]

Area                       Addr        Size        Decimal Bytes (Attributes)
--------------------       ----        ----        ------- ----- ------------
_SFR15                 00000000    00000001 =           1. bytes (ABS,CON)

        Value  Global            Value  Global            Value  Global    
        -----  ------            -----  ------            -----  ------    
     0000FF1E  _NR34_REG
ASxxxx Linker V03.00 + NoICE + sdld,  page 54.
Hexadecimal  [32-Bits]

Area                       Addr        Size        Decimal Bytes (Attributes)
--------------------       ----        ----        ------- ----- ------------
_SFR16                 00000000    00000001 =           1. bytes (ABS,CON)

        Value  Global            Value  Global            Value  Global    
        -----  ------            -----  ------            -----  ------    
     0000FF20  _NR41_REG
ASxxxx Linker V03.00 + NoICE + sdld,  page 55.
Hexadecimal  [32-Bits]

Area                       Addr        Size        Decimal Bytes (Attributes)
--------------------       ----        ----        ------- ----- ------------
_SFR17                 00000000    00000001 =           1. bytes (ABS,CON)

        Value  Global            Value  Global            Value  Global    
        -----  ------            -----  ------            -----  ------    
     0000FF21  _NR42_REG
ASxxxx Linker V03.00 + NoICE + sdld,  page 56.
Hexadecimal  [32-Bits]

Area                       Addr        Size        Decimal Bytes (Attributes)
--------------------       ----        ----        ------- ----- ------------
_SFR18                 00000000    00000001 =           1. bytes (ABS,CON)

        Value  Global            Value  Global            Value  Global    
        -----  ------            -----  ------            -----  ------    
     0000FF22  _NR43_REG
ASxxxx Linker V03.00 + NoICE + sdld,  page 57.
Hexadecimal  [32-Bits]

Area                       Addr        Size        Decimal Bytes (Attributes)
--------------------       ----        ----        ------- ----- ------------
_SFR19                 00000000    00000001 =           1. bytes (ABS,CON)

        Value  Global            Value  Global            Value  Global    
        -----  ------            -----  ------            -----  ------    
     0000FF23  _NR44_REG
ASxxxx Linker V03.00 + NoICE + sdld,  page 58.
Hexadecimal  [32-Bits]

Area                       Addr        Size        Decimal Bytes (Attributes)
--------------------       ----        ----        ------- ----- ------------
_SFR1a                 00000000    00000001 =           1. bytes (ABS,CON)

        Value  Global            Value  Global            Value  Global    
        -----  ------            -----  ------            -----  ------    
     0000FF24  _NR50_REG
ASxxxx Linker V03.00 + NoICE + sdld,  page 59.
Hexadecimal  [32-Bits]

Area                       Addr        Size        Decimal Bytes (Attributes)
--------------------       ----        ----        ------- ----- ------------
_SFR1b                 00000000    00000001 =           1. bytes (ABS,CON)

        Value  Global            Value  Global            Value  Global    
        -----  ------            -----  ------            -----  ------    
     0000FF25  _NR51_REG
ASxxxx Linker V03.00 + NoICE + sdld,  page 60.
Hexadecimal  [32-Bits]

Area                       Addr        Size        Decimal Bytes (Attributes)
--------------------       ----        ----        ------- ----- ------------
_SFR1c                 00000000    00000001 =           1. bytes (ABS,CON)

        Value  Global            Value  Global            Value  Global    
        -----  ------            -----  ------            -----  ------    
     0000FF26  _NR52_REG
ASxxxx Linker V03.00 + NoICE + sdld,  page 61.
Hexadecimal  [32-Bits]

Area                       Addr        Size        Decimal Bytes (Attributes)
--------------------       ----        ----        ------- ----- ------------
_SFR1d                 00000000    00000001 =           1. bytes (ABS,CON)

        Value  Global            Value  Global            Value  Global    
        -----  ------            -----  ------            -----  ------    
     0000FF40  _LCDC_REG
ASxxxx Linker V03.00 + NoICE + sdld,  page 62.
Hexadecimal  [32-Bits]

Area                       Addr        Size        Decimal Bytes (Attributes)
--------------------       ----        ----        ------- ----- ------------
_SFR1e                 00000000    00000001 =           1. bytes (ABS,CON)

        Value  Global            Value  Global            Value  Global    
        -----  ------            -----  ------            -----  ------    
     0000FF41  _STAT_REG
ASxxxx Linker V03.00 + NoICE + sdld,  page 63.
Hexadecimal  [32-Bits]

Area                       Addr        Size        Decimal Bytes (Attributes)
--------------------       ----        ----        ------- ----- ------------
_SFR1f                 00000000    00000001 =           1. bytes (ABS,CON)

        Value  Global            Value  Global            Value  Global    
        -----  ------            -----  ------            -----  ------    
     0000FF42  _SCY_REG 
ASxxxx Linker V03.00 + NoICE + sdld,  page 64.
Hexadecimal  [32-Bits]

Area                       Addr        Size        Decimal Bytes (Attributes)
--------------------       ----        ----        ------- ----- ------------
_SFR20                 00000000    00000001 =           1. bytes (ABS,CON)

        Value  Global            Value  Global            Value  Global    
        -----  ------            -----  ------            -----  ------    
     0000FF43  _SCX_REG 
ASxxxx Linker V03.00 + NoICE + sdld,  page 65.
Hexadecimal  [32-Bits]

Area                       Addr        Size        Decimal Bytes (Attributes)
--------------------       ----        ----        ------- ----- ------------
_SFR21                 00000000    00000001 =           1. bytes (ABS,CON)

        Value  Global            Value  Global            Value  Global    
        -----  ------            -----  ------            -----  ------    
     0000FF44  _LY_REG  
ASxxxx Linker V03.00 + NoICE + sdld,  page 66.
Hexadecimal  [32-Bits]

Area                       Addr        Size        Decimal Bytes (Attributes)
--------------------       ----        ----        ------- ----- ------------
_SFR22                 00000000    00000001 =           1. bytes (ABS,CON)

        Value  Global            Value  Global            Value  Global    
        -----  ------            -----  ------            -----  ------    
     0000FF45  _LYC_REG 
ASxxxx Linker V03.00 + NoICE + sdld,  page 67.
Hexadecimal  [32-Bits]

Area                       Addr        Size        Decimal Bytes (Attributes)
--------------------       ----        ----        ------- ----- ------------
_SFR23                 00000000    00000001 =           1. bytes (ABS,CON)

        Value  Global            Value  Global            Value  Global    
        -----  ------            -----  ------            -----  ------    
     0000FF46  _DMA_REG 
ASxxxx Linker V03.00 + NoICE + sdld,  page 68.
Hexadecimal  [32-Bits]

Area                       Addr        Size        Decimal Bytes (Attributes)
--------------------       ----        ----        ------- ----- ------------
_SFR24                 00000000    00000001 =           1. bytes (ABS,CON)

        Value  Global            Value  Global            Value  Global    
        -----  ------            -----  ------            -----  ------    
     0000FF47  _BGP_REG 
ASxxxx Linker V03.00 + NoICE + sdld,  page 69.
Hexadecimal  [32-Bits]

Area                       Addr        Size        Decimal Bytes (Attributes)
--------------------       ----        ----        ------- ----- ------------
_SFR25                 00000000    00000001 =           1. bytes (ABS,CON)

        Value  Global            Value  Global            Value  Global    
        -----  ------            -----  ------            -----  ------    
     0000FF48  _OBP0_REG
ASxxxx Linker V03.00 + NoICE + sdld,  page 70.
Hexadecimal  [32-Bits]

Area                       Addr        Size        Decimal Bytes (Attributes)
--------------------       ----        ----        ------- ----- ------------
_SFR26                 00000000    00000001 =           1. bytes (ABS,CON)

        Value  Global            Value  Global            Value  Global    
        -----  ------            -----  ------            -----  ------    
     0000FF49  _OBP1_REG
ASxxxx Linker V03.00 + NoICE + sdld,  page 71.
Hexadecimal  [32-Bits]

Area                       Addr        Size        Decimal Bytes (Attributes)
--------------------       ----        ----        ------- ----- ------------
_SFR27                 00000000    00000001 =           1. bytes (ABS,CON)

        Value  Global            Value  Global            Value  Global    
        -----  ------            -----  ------            -----  ------    
     0000FF4A  _WY_REG  
ASxxxx Linker V03.00 + NoICE + sdld,  page 72.
Hexadecimal  [32-Bits]

Area                       Addr        Size        Decimal Bytes (Attributes)
--------------------       ----        ----        ------- ----- ------------
_SFR28                 00000000    00000001 =           1. bytes (ABS,CON)

        Value  Global            Value  Global            Value  Global    
        -----  ------            -----  ------            -----  ------    
     0000FF4B  _WX_REG  
ASxxxx Linker V03.00 + NoICE + sdld,  page 73.
Hexadecimal  [32-Bits]

Area                       Addr        Size        Decimal Bytes (Attributes)
--------------------       ----        ----        ------- ----- ------------
_SFR29                 00000000    00000001 =           1. bytes (ABS,CON)

        Value  Global            Value  Global            Value  Global    
        -----  ------            -----  ------            -----  ------    
     0000FF4D  _KEY1_REG
ASxxxx Linker V03.00 + NoICE + sdld,  page 74.
Hexadecimal  [32-Bits]

Area                       Addr        Size        Decimal Bytes (Attributes)
--------------------       ----        ----        ------- ----- ------------
_SFR2a                 00000000    00000001 =           1. bytes (ABS,CON)

        Value  Global            Value  Global            Value  Global    
        -----  ------            -----  ------            -----  ------    
     0000FF4F  _VBK_REG 
ASxxxx Linker V03.00 + NoICE + sdld,  page 75.
Hexadecimal  [32-Bits]

Area                       Addr        Size        Decimal Bytes (Attributes)
--------------------       ----        ----        ------- ----- ------------
_SFR2b                 00000000    00000001 =           1. bytes (ABS,CON)

        Value  Global            Value  Global            Value  Global    
        -----  ------            -----  ------            -----  ------    
     0000FF51  _HDMA1_RE
ASxxxx Linker V03.00 + NoICE + sdld,  page 76.
Hexadecimal  [32-Bits]

Area                       Addr        Size        Decimal Bytes (Attributes)
--------------------       ----        ----        ------- ----- ------------
_SFR2c                 00000000    00000001 =           1. bytes (ABS,CON)

        Value  Global            Value  Global            Value  Global    
        -----  ------            -----  ------            -----  ------    
     0000FF52  _HDMA2_RE
ASxxxx Linker V03.00 + NoICE + sdld,  page 77.
Hexadecimal  [32-Bits]

Area                       Addr        Size        Decimal Bytes (Attributes)
--------------------       ----        ----        ------- ----- ------------
_SFR2d                 00000000    00000001 =           1. bytes (ABS,CON)

        Value  Global            Value  Global            Value  Global    
        -----  ------            -----  ------            -----  ------    
     0000FF53  _HDMA3_RE
ASxxxx Linker V03.00 + NoICE + sdld,  page 78.
Hexadecimal  [32-Bits]

Area                       Addr        Size        Decimal Bytes (Attributes)
--------------------       ----        ----        ------- ----- ------------
_SFR2e                 00000000    00000001 =           1. bytes (ABS,CON)

        Value  Global            Value  Global            Value  Global    
        -----  ------            -----  ------            -----  ------    
     0000FF54  _HDMA4_RE
ASxxxx Linker V03.00 + NoICE + sdld,  page 79.
Hexadecimal  [32-Bits]

Area                       Addr        Size        Decimal Bytes (Attributes)
--------------------       ----        ----        ------- ----- ------------
_SFR2f                 00000000    00000001 =           1. bytes (ABS,CON)

        Value  Global            Value  Global            Value  Global    
        -----  ------            -----  ------            -----  ------    
     0000FF55  _HDMA5_RE
ASxxxx Linker V03.00 + NoICE + sdld,  page 80.
Hexadecimal  [32-Bits]

Area                       Addr        Size        Decimal Bytes (Attributes)
--------------------       ----        ----        ------- ----- ------------
_SFR30                 00000000    00000001 =           1. bytes (ABS,CON)

        Value  Global            Value  Global            Value  Global    
        -----  ------            -----  ------            -----  ------    
     0000FF56  _RP_REG  
ASxxxx Linker V03.00 + NoICE + sdld,  page 81.
Hexadecimal  [32-Bits]

Area                       Addr        Size        Decimal Bytes (Attributes)
--------------------       ----        ----        ------- ----- ------------
_SFR31                 00000000    00000001 =           1. bytes (ABS,CON)

        Value  Global            Value  Global            Value  Global    
        -----  ------            -----  ------            -----  ------    
     0000FF68  _BCPS_REG
ASxxxx Linker V03.00 + NoICE + sdld,  page 82.
Hexadecimal  [32-Bits]

Area                       Addr        Size        Decimal Bytes (Attributes)
--------------------       ----        ----        ------- ----- ------------
_SFR32                 00000000    00000001 =           1. bytes (ABS,CON)

        Value  Global            Value  Global            Value  Global    
        -----  ------            -----  ------            -----  ------    
     0000FF69  _BCPD_REG
ASxxxx Linker V03.00 + NoICE + sdld,  page 83.
Hexadecimal  [32-Bits]

Area                       Addr        Size        Decimal Bytes (Attributes)
--------------------       ----        ----        ------- ----- ------------
_SFR33                 00000000    00000001 =           1. bytes (ABS,CON)

        Value  Global            Value  Global            Value  Global    
        -----  ------            -----  ------            -----  ------    
     0000FF6A  _OCPS_REG
ASxxxx Linker V03.00 + NoICE + sdld,  page 84.
Hexadecimal  [32-Bits]

Area                       Addr        Size        Decimal Bytes (Attributes)
--------------------       ----        ----        ------- ----- ------------
_SFR34                 00000000    00000001 =           1. bytes (ABS,CON)

        Value  Global            Value  Global            Value  Global    
        -----  ------            -----  ------            -----  ------    
     0000FF6B  _OCPD_REG
ASxxxx Linker V03.00 + NoICE + sdld,  page 85.
Hexadecimal  [32-Bits]

Area                       Addr        Size        Decimal Bytes (Attributes)
--------------------       ----        ----        ------- ----- ------------
_SFR35                 00000000    00000001 =           1. bytes (ABS,CON)

        Value  Global            Value  Global            Value  Global    
        -----  ------            -----  ------            -----  ------    
     0000FF70  _SVBK_REG
ASxxxx Linker V03.00 + NoICE + sdld,  page 86.
Hexadecimal  [32-Bits]

Area                       Addr        Size        Decimal Bytes (Attributes)
--------------------       ----        ----        ------- ----- ------------
_SFR36                 00000000    00000001 =           1. bytes (ABS,CON)

        Value  Global            Value  Global            Value  Global    
        -----  ------            -----  ------            -----  ------    
     0000FFFF  _IE_REG  
ASxxxx Linker V03.00 + NoICE + sdld,  page 87.
Hexadecimal  [32-Bits]

Area                       Addr        Size        Decimal Bytes (Attributes)
--------------------       ----        ----        ------- ----- ------------
_HEADER_LCD0           00000000    00000003 =           3. bytes (ABS,CON)

        Value  Global            Value  Global            Value  Global    
        -----  ------            -----  ------            -----  ------    
ASxxxx Linker V03.00 + NoICE + sdld,  page 88.

Files Linked                              [ module(s) ]

/opt/gbdk/lib/small/asxxxx/gb/crt0.o      [ Runtime ]
src/knight_sprites.o                      [ knight_sprites ]
main.o                                    [ main ]
src/functions.o                           [ functions ]
src/knight_tiles.o                        [ knight_tiles ]
src/gameCharacter.o                       [ gameCharacter ]
src/ForestBG.o                            [ ForestBG ]
src/GameOverBackground.o                  [ GameOverBackground ]
audio/output.o                            [ output ]
audio/gbt_player.o                        [  ]
audio/gbt_player_bank1.o                  [  ]


Libraries Linked                          [ object file ]

/opt/gbdk/lib/small/asxxxx/gb/gb.lib      [ font.o ]
/opt/gbdk/lib/small/asxxxx/gb/gb.lib      [ rand.o ]
/opt/gbdk/lib/small/asxxxx/gbz80/gbz80.lib
                                          [ div.o ]
/opt/gbdk/lib/small/asxxxx/gb/gb.lib      [ pad.o ]
/opt/gbdk/lib/small/asxxxx/gb/gb.lib      [ sfr.o ]
/opt/gbdk/lib/small/asxxxx/gb/gb.lib      [ cgb.o ]
/opt/gbdk/lib/small/asxxxx/gb/gb.lib      [ set_wi_t.o ]
/opt/gbdk/lib/small/asxxxx/gb/gb.lib      [ set_data.o ]
/opt/gbdk/lib/small/asxxxx/gb/gb.lib      [ color.o ]
/opt/gbdk/lib/small/asxxxx/gb/gb.lib      [ drawing_isr.o ]
/opt/gbdk/lib/small/asxxxx/gb/gb.lib      [ lcd.o ]
/opt/gbdk/lib/small/asxxxx/gb/gb.lib      [ f_ibm_sh.o ]
/opt/gbdk/lib/small/asxxxx/gb/gb.lib      [ f_min.o ]
/opt/gbdk/lib/small/asxxxx/gb/gb.lib      [ set_bk_t.o ]
/opt/gbdk/lib/small/asxxxx/gb/gb.lib      [ set_xy_t.o ]

ASxxxx Linker V03.00 + NoICE + sdld,  page 89.

User Base Address Definitions

_DATA=0xc0a0
_CODE=0x0200
ASxxxx Linker V03.00 + NoICE + sdld,  page 90.

User Global Definitions

_shadow_OAM=0xC000
.STACK=0xE000
.refresh_OAM=0xFF80

